Archive member included because of file (symbol)

c:/altera/11.0/nios2eds/bin/gnu/h-i686-mingw32/bin/../lib/gcc/nios2-elf/4.1.2\libgcc.a(_addsub_df.o)
                              obj/freq_irq.o (__subdf3)
c:/altera/11.0/nios2eds/bin/gnu/h-i686-mingw32/bin/../lib/gcc/nios2-elf/4.1.2\libgcc.a(_mul_df.o)
                              obj/freq_irq.o (__muldf3)
c:/altera/11.0/nios2eds/bin/gnu/h-i686-mingw32/bin/../lib/gcc/nios2-elf/4.1.2\libgcc.a(_div_df.o)
                              obj/freq_irq.o (__divdf3)
c:/altera/11.0/nios2eds/bin/gnu/h-i686-mingw32/bin/../lib/gcc/nios2-elf/4.1.2\libgcc.a(_gt_df.o)
                              obj/threshold_control.o (__gtdf2)
c:/altera/11.0/nios2eds/bin/gnu/h-i686-mingw32/bin/../lib/gcc/nios2-elf/4.1.2\libgcc.a(_lt_df.o)
                              obj/freq_irq.o (__ltdf2)
c:/altera/11.0/nios2eds/bin/gnu/h-i686-mingw32/bin/../lib/gcc/nios2-elf/4.1.2\libgcc.a(_si_to_df.o)
                              obj/freq_irq.o (__floatsidf)
c:/altera/11.0/nios2eds/bin/gnu/h-i686-mingw32/bin/../lib/gcc/nios2-elf/4.1.2\libgcc.a(_df_to_si.o)
                              obj/vga.o (__fixdfsi)
c:/altera/11.0/nios2eds/bin/gnu/h-i686-mingw32/bin/../lib/gcc/nios2-elf/4.1.2\libgcc.a(_thenan_df.o)
                              c:/altera/11.0/nios2eds/bin/gnu/h-i686-mingw32/bin/../lib/gcc/nios2-elf/4.1.2\libgcc.a(_addsub_df.o) (__thenan_df)
c:/altera/11.0/nios2eds/bin/gnu/h-i686-mingw32/bin/../lib/gcc/nios2-elf/4.1.2\libgcc.a(_usi_to_df.o)
                              obj/freq_irq.o (__floatunsidf)
c:/altera/11.0/nios2eds/bin/gnu/h-i686-mingw32/bin/../lib/gcc/nios2-elf/4.1.2\libgcc.a(_muldi3.o)
                              c:/altera/11.0/nios2eds/bin/gnu/h-i686-mingw32/bin/../lib/gcc/nios2-elf/4.1.2\libgcc.a(_mul_df.o) (__muldi3)
c:/altera/11.0/nios2eds/bin/gnu/h-i686-mingw32/bin/../lib/gcc/nios2-elf/4.1.2\libgcc.a(_clzsi2.o)
                              c:/altera/11.0/nios2eds/bin/gnu/h-i686-mingw32/bin/../lib/gcc/nios2-elf/4.1.2\libgcc.a(_si_to_df.o) (__clzsi2)
c:/altera/11.0/nios2eds/bin/gnu/h-i686-mingw32/bin/../lib/gcc/nios2-elf/4.1.2\libgcc.a(_pack_df.o)
                              c:/altera/11.0/nios2eds/bin/gnu/h-i686-mingw32/bin/../lib/gcc/nios2-elf/4.1.2\libgcc.a(_addsub_df.o) (__pack_d)
c:/altera/11.0/nios2eds/bin/gnu/h-i686-mingw32/bin/../lib/gcc/nios2-elf/4.1.2\libgcc.a(_unpack_df.o)
                              c:/altera/11.0/nios2eds/bin/gnu/h-i686-mingw32/bin/../lib/gcc/nios2-elf/4.1.2\libgcc.a(_addsub_df.o) (__unpack_d)
c:/altera/11.0/nios2eds/bin/gnu/h-i686-mingw32/bin/../lib/gcc/nios2-elf/4.1.2\libgcc.a(_fpcmp_parts_df.o)
                              c:/altera/11.0/nios2eds/bin/gnu/h-i686-mingw32/bin/../lib/gcc/nios2-elf/4.1.2\libgcc.a(_gt_df.o) (__fpcmp_parts_d)
c:/altera/11.0/nios2eds/bin/gnu/h-i686-mingw32/bin/../lib/gcc/nios2-elf/4.1.2\libgcc.a(_clz.o)
                              c:/altera/11.0/nios2eds/bin/gnu/h-i686-mingw32/bin/../lib/gcc/nios2-elf/4.1.2\libgcc.a(_clzsi2.o) (__clz_tab)
c:/altera/11.0/nios2eds/bin/gnu/h-i686-mingw32/bin/../lib/gcc/nios2-elf/4.1.2/../../../../nios2-elf/lib\libc.a(lib_a-memcmp.o)
                              obj/FreeRTOS/tasks.o (memcmp)
c:/altera/11.0/nios2eds/bin/gnu/h-i686-mingw32/bin/../lib/gcc/nios2-elf/4.1.2/../../../../nios2-elf/lib\libc.a(lib_a-memcpy.o)
                              obj/FreeRTOS/queue.o (memcpy)
c:/altera/11.0/nios2eds/bin/gnu/h-i686-mingw32/bin/../lib/gcc/nios2-elf/4.1.2/../../../../nios2-elf/lib\libc.a(lib_a-memset.o)
                              obj/FreeRTOS/tasks.o (memset)
c:/altera/11.0/nios2eds/bin/gnu/h-i686-mingw32/bin/../lib/gcc/nios2-elf/4.1.2/../../../../nios2-elf/lib\libc.a(lib_a-printf.o)
                              obj/FreeRTOS/port.o (printf)
c:/altera/11.0/nios2eds/bin/gnu/h-i686-mingw32/bin/../lib/gcc/nios2-elf/4.1.2/../../../../nios2-elf/lib\libc.a(lib_a-snprintf.o)
                              obj/vga.o (snprintf)
c:/altera/11.0/nios2eds/bin/gnu/h-i686-mingw32/bin/../lib/gcc/nios2-elf/4.1.2/../../../../nios2-elf/lib\libc.a(lib_a-strncpy.o)
                              obj/FreeRTOS/tasks.o (strncpy)
c:/altera/11.0/nios2eds/bin/gnu/h-i686-mingw32/bin/../lib/gcc/nios2-elf/4.1.2/../../../../nios2-elf/lib\libc.a(lib_a-vfprintf.o)
                              c:/altera/11.0/nios2eds/bin/gnu/h-i686-mingw32/bin/../lib/gcc/nios2-elf/4.1.2/../../../../nios2-elf/lib\libc.a(lib_a-printf.o) (___vfprintf_internal_r)
c:/altera/11.0/nios2eds/bin/gnu/h-i686-mingw32/bin/../lib/gcc/nios2-elf/4.1.2/../../../../nios2-elf/lib\libc.a(lib_a-wsetup.o)
                              c:/altera/11.0/nios2eds/bin/gnu/h-i686-mingw32/bin/../lib/gcc/nios2-elf/4.1.2/../../../../nios2-elf/lib\libc.a(lib_a-vfprintf.o) (__swsetup_r)
c:/altera/11.0/nios2eds/bin/gnu/h-i686-mingw32/bin/../lib/gcc/nios2-elf/4.1.2/../../../../nios2-elf/lib\libc.a(lib_a-dtoa.o)
[...]
Memory Configuration

Name             Origin             Length             Attributes
onchip_memory_BEFORE_EXCEPTION 0x00000000         0x00000020
onchip_memory    0x00000020         0x00031fe0
reset            0x01000000         0x00000020
flash_controller 0x01000020         0x007fffe0
sdram            0x08000000         0x08000000
*default*        0x00000000         0xffffffff

Linker script and memory map

LOAD ../freq_relay_proj_bsp//obj/HAL/src/crt0.o
LOAD obj/FreeRTOS/croutine.o
LOAD obj/FreeRTOS/heap.o
LOAD obj/FreeRTOS/list.o
LOAD obj/FreeRTOS/port.o
LOAD obj/FreeRTOS/queue.o
LOAD obj/FreeRTOS/tasks.o
LOAD obj/FreeRTOS/timers.o
LOAD obj/freq_irq.o
LOAD obj/load_control.o
LOAD obj/main.o
LOAD obj/state_machine.o
LOAD obj/threshold_control.o
LOAD obj/timer.o
LOAD obj/vga.o
LOAD obj/FreeRTOS/port_asm.o
LOAD c:/altera/11.0/nios2eds/bin/gnu/h-i686-mingw32/bin/../lib/gcc/nios2-elf/4.1.2/../../../../nios2-elf/lib\libstdc++.a
LOAD c:/altera/11.0/nios2eds/bin/gnu/h-i686-mingw32/bin/../lib/gcc/nios2-elf/4.1.2/../../../../nios2-elf/lib\libm.a
LOAD c:/altera/11.0/nios2eds/bin/gnu/h-i686-mingw32/bin/../lib/gcc/nios2-elf/4.1.2\libgcc.a
START GROUP
LOAD c:/altera/11.0/nios2eds/bin/gnu/h-i686-mingw32/bin/../lib/gcc/nios2-elf/4.1.2/../../../../nios2-elf/lib\libc.a
LOAD c:/altera/11.0/nios2eds/bin/gnu/h-i686-mingw32/bin/../lib/gcc/nios2-elf/4.1.2\libgcc.a
LOAD ../freq_relay_proj_bsp/\libhal_bsp.a
END GROUP
LOAD c:/altera/11.0/nios2eds/bin/gnu/h-i686-mingw32/bin/../lib/gcc/nios2-elf/4.1.2\libgcc.a
                0x00000000                __alt_mem_onchip_memory = 0x0
                0x01000000                __alt_mem_flash_controller = 0x1000000
                0x08000000                __alt_mem_sdram = 0x8000000

.entry          0x01000000        0x0
 *(.entry)
 .entry         0x01000000        0x0 ../freq_relay_proj_bsp//obj/HAL/src/crt0.o
                0x01000000                __reset

.exceptions     0x00000020      0x228
                0x00000020                PROVIDE (__ram_exceptions_start, ABSOLUTE (.))
                0x00000020                . = ALIGN (0x20)
 *(.irq)
 *(.exceptions.entry.label)
 *(.exceptions.entry.user)
 *(.exceptions.entry)
 .exceptions.entry
                0x00000020       0x8c obj/FreeRTOS/port_asm.o
 *(.exceptions.irqtest.user)
 *(.exceptions.irqtest)
 .exceptions.irqtest
                0x000000ac       0x14 obj/FreeRTOS/port_asm.o
 *(.exceptions.irqhandler.user)
 *(.exceptions.irqhandler)
 .exceptions.irqhandler
                0x000000c0        0x4 obj/FreeRTOS/port_asm.o
 *(.exceptions.irqreturn.user)
 *(.exceptions.irqreturn)
 .exceptions.irqreturn
                0x000000c4       0x8c obj/FreeRTOS/port_asm.o
                0x000000c4                restore_sp_from_pxCurrentTCB
 *(.exceptions.notirq.label)
 *(.exceptions.notirq.user)
 *(.exceptions.notirq)
 *(.exceptions.soft.user)
 *(.exceptions.soft)
 .exceptions.soft
                0x00000150       0x2c obj/FreeRTOS/port_asm.o
 *(.exceptions.unknown.user)
 *(.exceptions.unknown)
 *(.exceptions.exit.label)
 *(.exceptions.exit.user)
 *(.exceptions.exit)
 *(.exceptions)
 .exceptions    0x0000017c       0xcc ../freq_relay_proj_bsp/\libhal_bsp.a(alt_irq_handler.o)
                0x0000017c                alt_irq_handler
                0x00000248                PROVIDE (__ram_exceptions_end, ABSOLUTE (.))
                0x00000020                PROVIDE (__flash_exceptions_start, LOADADDR (.exceptions))

.text           0x00000248    0x18610
                0x00000248                PROVIDE (stext, ABSOLUTE (.))
 *(.interp)
 *(.hash)
 *(.dynsym)
 *(.dynstr)
 *(.gnu.version)
 *(.gnu.version_d)
 *(.gnu.version_r)
 *(.rel.init)
 *(.rela.init)
 *(.rel.text .rel.text.* .rel.gnu.linkonce.t.*)
 *(.rela.text .rela.text.* .rela.gnu.linkonce.t.*)
 *(.rel.fini)
 *(.rela.fini)
 *(.rel.rodata .rel.rodata.* .rel.gnu.linkonce.r.*)
 *(.rela.rodata .rela.rodata.* .rela.gnu.linkonce.r.*)
 *(.rel.data .rel.data.* .rel.gnu.linkonce.d.*)
 *(.rela.data .rela.data.* .rela.gnu.linkonce.d.*)
 *(.rel.tdata .rel.tdata.* .rel.gnu.linkonce.td.*)
 *(.rela.tdata .rela.tdata.* .rela.gnu.linkonce.td.*)
 *(.rel.tbss .rel.tbss.* .rel.gnu.linkonce.tb.*)
 *(.rela.tbss .rela.tbss.* .rela.gnu.linkonce.tb.*)
 *(.rel.ctors)
 *(.rela.ctors)
 *(.rel.dtors)
 *(.rela.dtors)
 *(.rel.got)
 *(.rela.got)
 *(.rel.sdata .rel.sdata.* .rel.gnu.linkonce.s.*)
 *(.rela.sdata .rela.sdata.* .rela.gnu.linkonce.s.*)
 *(.rel.sbss .rel.sbss.* .rel.gnu.linkonce.sb.*)
 *(.rela.sbss .rela.sbss.* .rela.gnu.linkonce.sb.*)
 *(.rel.sdata2 .rel.sdata2.* .rel.gnu.linkonce.s2.*)
 *(.rela.sdata2 .rela.sdata2.* .rela.gnu.linkonce.s2.*)
 *(.rel.sbss2 .rel.sbss2.* .rel.gnu.linkonce.sb2.*)
 *(.rela.sbss2 .rela.sbss2.* .rela.gnu.linkonce.sb2.*)
 *(.rel.bss .rel.bss.* .rel.gnu.linkonce.b.*)
 *(.rela.bss .rela.bss.* .rela.gnu.linkonce.b.*)
 *(.rel.plt)
 *(.rela.plt)
 *(.rel.dyn)
 *(.init)
 *(.plt)
 *(.text .stub .text.* .gnu.linkonce.t.*)
 .text          0x00000248       0x48 ../freq_relay_proj_bsp//obj/HAL/src/crt0.o
                0x00000248                _start
 .text          0x00000290      0x60c obj/FreeRTOS/croutine.o
                0x00000290                xCoRoutineCreate
                0x000003d0                vCoRoutineAddToDelayedList
                0x00000694                vCoRoutineSchedule
                0x0000081c                xCoRoutineRemoveFromEventList
 .text          0x0000089c      0x448 obj/FreeRTOS/heap.o
                0x0000089c                pvPortMalloc
                0x00000a30                vPortFree
                0x00000ab0                xPortGetFreeHeapSize
                0x00000ad0                vPortInitialiseBlocks
 .text          0x00000ce4      0x29c obj/FreeRTOS/list.o
                0x00000ce4                vListInitialise
                0x00000d54                vListInitialiseItem
                0x00000d7c                vListInsertEnd
                0x00000e14                vListInsert
                0x00000ee8                uxListRemove
 .text          0x00000f80      0x42c obj/FreeRTOS/port.o
                0x00000f80                vApplicationStackOverflowHook
                0x00000fe4                pxPortInitialiseStack
                0x000010cc                xPortStartScheduler
                0x00001104                vPortEndScheduler
                0x000011b8                vPortSysTickHandler
                0x000011fc                alt_irq_register
 .text          0x000013ac      0xf20 obj/FreeRTOS/queue.o
                0x000013ac                xQueueGenericReset
                0x000014c0                xQueueGenericCreate
                0x0000158c                xQueueCreateMutex
                0x00001650                xQueueGiveMutexRecursive
                0x000016e4                xQueueTakeMutexRecursive
                0x0000178c                xQueueCreateCountingSemaphore
                0x000017e8                xQueueGenericSend
                0x00001974                xQueueGenericSendFromISR
                0x00001a50                xQueueGenericReceive
                0x00001c80                xQueueReceiveFromISR
                0x00001d64                uxQueueMessagesWaiting
                0x00001da4                uxQueueMessagesWaitingFromISR
                0x00001dd4                vQueueDelete
                0x00002154                xQueueIsQueueEmptyFromISR
                0x000021f0                xQueueIsQueueFullFromISR
                0x00002238                vQueueWaitForMessageRestricted
 .text          0x000022cc     0x1640 obj/FreeRTOS/tasks.o
                0x000022cc                xTaskGenericCreate
                0x000024b0                vTaskDelete
                0x00002588                vTaskDelay
                0x00002600                vTaskSuspend
                0x000026e4                xTaskIsTaskSuspended
                0x00002754                vTaskResume
                0x0000281c                xTaskResumeFromISR
                0x000028f4                vTaskStartScheduler
                0x00002990                vTaskEndScheduler
                0x000029d4                vTaskSuspendAll
                0x000029fc                xTaskResumeAll
                0x00002b58                xTaskGetTickCount
                0x00002b90                xTaskGetTickCountFromISR
                0x00002bbc                uxTaskGetNumberOfTasks
                0x00002bdc                vTaskIncrementTick
                0x00002d58                vTaskSwitchContext
                0x00002e84                vTaskPlaceOnEventList
                0x00002f08                vTaskPlaceOnEventListRestricted
                0x00002f68                xTaskRemoveFromEventList
                0x00003048                vTaskSetTimeOutState
                0x00003080                xTaskCheckForTimeOut
                0x00003154                vTaskMissedYield
                0x00003560                uxTaskGetStackHighWaterMark
                0x0000360c                xTaskGetCurrentTaskHandle
                0x00003634                xTaskGetSchedulerState
                0x00003688                vTaskPriorityInherit
                0x0000378c                vTaskPriorityDisinherit
                0x00003854                vTaskEnterCritical
                0x000038a4                vTaskExitCritical
 .text          0x0000390c      0x868 obj/FreeRTOS/timers.o
                0x0000390c                xTimerCreateTimerTask
                0x0000397c                xTimerCreate
                0x00003a2c                xTimerGenericCommand
                0x000040f8                xTimerIsTimerActive
                0x00004144                pvTimerGetTimerID
 .text          0x00004174      0x2bc obj/freq_irq.o
                0x00004174                is_network_unstable
                0x000041e8                do_freq_irq
                0x000043a0                init_freq_irq
 .text          0x00004430      0x408 obj/load_control.o
                0x000045a8                red_led_control_task
                0x00004614                init_load_control
                0x00004734                try_shed_load
                0x000047cc                try_reconnect
 .text          0x00004838       0x28 obj/main.o
                0x00004838                main
 .text          0x00004860      0x2a4 obj/state_machine.o
                0x00004860                state_machine_task
                0x000049e8                button_interrupts_function
                0x00004a54                init_button
                0x00004aac                init_state_machine
 .text          0x00004b04      0x678 obj/threshold_control.o
                0x00004b04                is_off_threshold
                0x00004be0                get_current_threshold
                0x00004c84                threshold_control_task
                0x00004dac                do_keyboard_irq
                0x00004fec                init_threshold_control
 .text          0x0000517c       0xec obj/timer.o
                0x0000517c                init_timer
                0x000051c8                timer_callback
                0x000051f0                timer_expired
                0x00005214                reset_timer
 .text          0x00005268      0xca8 obj/vga.o
                0x00005268                post_freq_to_vga_buffer
                0x0000531c                draw_freq_roc_line
                0x00005a28                draw_to_back_buffer
                0x00005be4                draw_characters
                0x00005d68                vga_task
                0x00005e4c                init_vga
 .text          0x00005f10        0x0 obj/FreeRTOS/port_asm.o
 .text          0x00005f10      0x504 c:/altera/11.0/nios2eds/bin/gnu/h-i686-mingw32/bin/../lib/gcc/nios2-elf/4.1.2\libgcc.a(_addsub_df.o)
                0x00006320                __subdf3
                0x000063a0                __adddf3
 .text          0x00006414      0x3c4 c:/altera/11.0/nios2eds/bin/gnu/h-i686-mingw32/bin/../lib/gcc/nios2-elf/4.1.2\libgcc.a(_mul_df.o)
                0x00006414                __muldf3
 .text          0x000067d8      0x258 c:/altera/11.0/nios2eds/bin/gnu/h-i686-mingw32/bin/../lib/gcc/nios2-elf/4.1.2\libgcc.a(_div_df.o)
                0x000067d8                __divdf3
 .text          0x00006a30       0x88 c:/altera/11.0/nios2eds/bin/gnu/h-i686-mingw32/bin/../lib/gcc/nios2-elf/4.1.2\libgcc.a(_gt_df.o)
                0x00006a30                __gtdf2
 .text          0x00006ab8       0x88 c:/altera/11.0/nios2eds/bin/gnu/h-i686-mingw32/bin/../lib/gcc/nios2-elf/4.1.2\libgcc.a(_lt_df.o)
                0x00006ab8                __ltdf2
 .text          0x00006b40       0xf8 c:/altera/11.0/nios2eds/bin/gnu/h-i686-mingw32/bin/../lib/gcc/nios2-elf/4.1.2\libgcc.a(_si_to_df.o)
                0x00006b40                __floatsidf
 .text          0x00006c38       0xd8 c:/altera/11.0/nios2eds/bin/gnu/h-i686-mingw32/bin/../lib/gcc/nios2-elf/4.1.2\libgcc.a(_df_to_si.o)
                0x00006c38                __fixdfsi
 .text          0x00006d10        0x0 c:/altera/11.0/nios2eds/bin/gnu/h-i686-mingw32/bin/../lib/gcc/nios2-elf/4.1.2\libgcc.a(_thenan_df.o)
 .text          0x00006d10      0x194 c:/altera/11.0/nios2eds/bin/gnu/h-i686-mingw32/bin/../lib/gcc/nios2-elf/4.1.2\libgcc.a(_usi_to_df.o)
                0x00006d10                __floatunsidf
 .text          0x00006ea4       0x98 c:/altera/11.0/nios2eds/bin/gnu/h-i686-mingw32/bin/../lib/gcc/nios2-elf/4.1.2\libgcc.a(_muldi3.o)
                0x00006ea4                __muldi3
 .text          0x00006f3c       0x80 c:/altera/11.0/nios2eds/bin/gnu/h-i686-mingw32/bin/../lib/gcc/nios2-elf/4.1.2\libgcc.a(_clzsi2.o)
                0x00006f3c                __clzsi2
 .text          0x00006fbc      0x314 c:/altera/11.0/nios2eds/bin/gnu/h-i686-mingw32/bin/../lib/gcc/nios2-elf/4.1.2\libgcc.a(_pack_df.o)
                0x00006fbc                __pack_d
 .text          0x000072d0      0x138 c:/altera/11.0/nios2eds/bin/gnu/h-i686-mingw32/bin/../lib/gcc/nios2-elf/4.1.2\libgcc.a(_unpack_df.o)
                0x000072d0                __unpack_d
 .text          0x00007408       0xc8 c:/altera/11.0/nios2eds/bin/gnu/h-i686-mingw32/bin/../lib/gcc/nios2-elf/4.1.2\libgcc.a(_fpcmp_parts_df.o)
                0x00007408                __fpcmp_parts_d
 .text          0x000074d0        0x0 c:/altera/11.0/nios2eds/bin/gnu/h-i686-mingw32/bin/../lib/gcc/nios2-elf/4.1.2\libgcc.a(_clz.o)
 .text          0x000074d0       0x74 c:/altera/11.0/nios2eds/bin/gnu/h-i686-mingw32/bin/../lib/gcc/nios2-elf/4.1.2/../../../../nios2-elf/lib\libc.a(lib_a-memcmp.o)
                0x000074d0                memcmp
 .text          0x00007544       0xa0 c:/altera/11.0/nios2eds/bin/gnu/h-i686-mingw32/bin/../lib/gcc/nios2-elf/4.1.2/../../../../nios2-elf/lib\libc.a(lib_a-memcpy.o)
                0x00007544                memcpy
 .text          0x000075e4       0x98 c:/altera/11.0/nios2eds/bin/gnu/h-i686-mingw32/bin/../lib/gcc/nios2-elf/4.1.2/../../../../nios2-elf/lib\libc.a(lib_a-memset.o)
                0x000075e4                memset
 .text          0x0000767c       0x78 c:/altera/11.0/nios2eds/bin/gnu/h-i686-mingw32/bin/../lib/gcc/nios2-elf/4.1.2/../../../../nios2-elf/lib\libc.a(lib_a-printf.o)
                0x0000767c                printf
                0x000076c0                _printf_r
 .text          0x000076f4      0x170 c:/altera/11.0/nios2eds/bin/gnu/h-i686-mingw32/bin/../lib/gcc/nios2-elf/4.1.2/../../../../nios2-elf/lib\libc.a(lib_a-snprintf.o)
                0x000076f4                snprintf
                0x000077b0                _snprintf_r
 .text          0x00007864       0xbc c:/altera/11.0/nios2eds/bin/gnu/h-i686-mingw32/bin/../lib/gcc/nios2-elf/4.1.2/../../../../nios2-elf/lib\libc.a(lib_a-strncpy.o)
                0x00007864                strncpy
 .text          0x00007920     0x1f28 c:/altera/11.0/nios2eds/bin/gnu/h-i686-mingw32/bin/../lib/gcc/nios2-elf/4.1.2/../../../../nios2-elf/lib\libc.a(lib_a-vfprintf.o)
                0x00007978                ___vfprintf_internal_r
                0x00009824                __vfprintf_internal
 .text          0x00009848      0x13c c:/altera/11.0/nios2eds/bin/gnu/h-i686-mingw32/bin/../lib/gcc/nios2-elf/4.1.2/../../../../nios2-elf/lib\libc.a(lib_a-wsetup.o)
                0x00009848                __swsetup_r
 .text          0x00009984     0x17cc c:/altera/11.0/nios2eds/bin/gnu/h-i686-mingw32/bin/../lib/gcc/nios2-elf/4.1.2/../../../../nios2-elf/lib\libc.a(lib_a-dtoa.o)
                0x00009b9c                _dtoa_r
 .text          0x0000b150      0x230 c:/altera/11.0/nios2eds/bin/gnu/h-i686-mingw32/bin/../lib/gcc/nios2-elf/4.1.2/../../../../nios2-elf/lib\libc.a(lib_a-fflush.o)
                0x0000b150                _fflush_r
                0x0000b34c                fflush
 .text          0x0000b380      0x2c0 c:/altera/11.0/nios2eds/bin/gnu/h-i686-mingw32/bin/../lib/gcc/nios2-elf/4.1.2/../../../../nios2-elf/lib\libc.a(lib_a-findfp.o)
                0x0000b3d8                __sfp_lock_acquire
                0x0000b3dc                __sfp_lock_release
                0x0000b3e0                __sinit_lock_acquire
                0x0000b3e4                __sinit_lock_release
                0x0000b3e8                __sinit
                0x0000b49c                __fp_unlock_all
                0x0000b4b4                __fp_lock_all
                0x0000b4cc                _cleanup_r
                0x0000b4d8                _cleanup
                0x0000b4e8                __sfmoreglue
                0x0000b550                __sfp
 .text          0x0000b640      0x440 c:/altera/11.0/nios2eds/bin/gnu/h-i686-mingw32/bin/../lib/gcc/nios2-elf/4.1.2/../../../../nios2-elf/lib\libc.a(lib_a-freer.o)
                0x0000b640                _malloc_trim_r
                0x0000b76c                _free_r
 .text          0x0000ba80      0x49c c:/altera/11.0/nios2eds/bin/gnu/h-i686-mingw32/bin/../lib/gcc/nios2-elf/4.1.2/../../../../nios2-elf/lib\libc.a(lib_a-fvwrite.o)
                0x0000ba80                __sfvwrite_r
 .text          0x0000bf1c      0x180 c:/altera/11.0/nios2eds/bin/gnu/h-i686-mingw32/bin/../lib/gcc/nios2-elf/4.1.2/../../../../nios2-elf/lib\libc.a(lib_a-fwalk.o)
                0x0000bf1c                _fwalk_reent
                0x0000bfe4                _fwalk
 .text          0x0000c09c        0x0 c:/altera/11.0/nios2eds/bin/gnu/h-i686-mingw32/bin/../lib/gcc/nios2-elf/4.1.2/../../../../nios2-elf/lib\libc.a(lib_a-impure.o)
 .text          0x0000c09c       0xc4 c:/altera/11.0/nios2eds/bin/gnu/h-i686-mingw32/bin/../lib/gcc/nios2-elf/4.1.2/../../../../nios2-elf/lib\libc.a(lib_a-locale.o)
                0x0000c09c                __locale_charset
                0x0000c0a4                _localeconv_r
                0x0000c0b0                localeconv
                0x0000c0c0                _setlocale_r
                0x0000c144                setlocale
 .text          0x0000c160      0x194 c:/altera/11.0/nios2eds/bin/gnu/h-i686-mingw32/bin/../lib/gcc/nios2-elf/4.1.2/../../../../nios2-elf/lib\libc.a(lib_a-makebuf.o)
                0x0000c160                __smakebuf_r
 .text          0x0000c2f4      0x740 c:/altera/11.0/nios2eds/bin/gnu/h-i686-mingw32/bin/../lib/gcc/nios2-elf/4.1.2/../../../../nios2-elf/lib\libc.a(lib_a-mallocr.o)
                0x0000c2f4                _malloc_r
 .text          0x0000ca34       0xe4 c:/altera/11.0/nios2eds/bin/gnu/h-i686-mingw32/bin/../lib/gcc/nios2-elf/4.1.2/../../../../nios2-elf/lib\libc.a(lib_a-memchr.o)
                0x0000ca34                memchr
 .text          0x0000cb18       0xe0 c:/altera/11.0/nios2eds/bin/gnu/h-i686-mingw32/bin/../lib/gcc/nios2-elf/4.1.2/../../../../nios2-elf/lib\libc.a(lib_a-memmove.o)
                0x0000cb18                memmove
 .text          0x0000cbf8      0xff4 c:/altera/11.0/nios2eds/bin/gnu/h-i686-mingw32/bin/../lib/gcc/nios2-elf/4.1.2/../../../../nios2-elf/lib\libc.a(lib_a-mprec.o)
                0x0000cbf8                _Bfree
                0x0000cc20                __hi0bits
                0x0000cc90                __lo0bits
                0x0000cd54                __mcmp
                0x0000cdb4                __ulp
                0x0000ce34                __b2d
                0x0000cf54                __ratio
                0x0000d004                _mprec_log10
                0x0000d098                __copybits
                0x0000d0f0                __any_on
                0x0000d178                _Balloc
                0x0000d234                __d2b
                0x0000d3b0                __mdiff
                0x0000d53c                __lshift
                0x0000d688                __multiply
                0x0000d870                __i2b
                0x0000d8ac                __multadd
                0x0000d9ac                __pow5mult
                0x0000dacc                __s2b
 .text          0x0000dbec      0x5f4 c:/altera/11.0/nios2eds/bin/gnu/h-i686-mingw32/bin/../lib/gcc/nios2-elf/4.1.2/../../../../nios2-elf/lib\libc.a(lib_a-reallocr.o)
                0x0000dbec                _realloc_r
 .text          0x0000e1e0       0x40 c:/altera/11.0/nios2eds/bin/gnu/h-i686-mingw32/bin/../lib/gcc/nios2-elf/4.1.2/../../../../nios2-elf/lib\libc.a(lib_a-s_isinfd.o)
                0x0000e1e0                __isinfd
 .text          0x0000e220       0x30 c:/altera/11.0/nios2eds/bin/gnu/h-i686-mingw32/bin/../lib/gcc/nios2-elf/4.1.2/../../../../nios2-elf/lib\libc.a(lib_a-s_isnand.o)
                0x0000e220                __isnand
 .text          0x0000e250       0x70 c:/altera/11.0/nios2eds/bin/gnu/h-i686-mingw32/bin/../lib/gcc/nios2-elf/4.1.2/../../../../nios2-elf/lib\libc.a(lib_a-sbrkr.o)
                0x0000e250                _sbrk_r
 .text          0x0000e2c0      0x14c c:/altera/11.0/nios2eds/bin/gnu/h-i686-mingw32/bin/../lib/gcc/nios2-elf/4.1.2/../../../../nios2-elf/lib\libc.a(lib_a-stdio.o)
                0x0000e2c0                __sclose
                0x0000e2c8                __sseek
                0x0000e330                __swrite
                0x0000e3ac                __sread
 .text          0x0000e40c       0xbc c:/altera/11.0/nios2eds/bin/gnu/h-i686-mingw32/bin/../lib/gcc/nios2-elf/4.1.2/../../../../nios2-elf/lib\libc.a(lib_a-strcmp.o)
                0x0000e40c                strcmp
 .text          0x0000e4c8       0x74 c:/altera/11.0/nios2eds/bin/gnu/h-i686-mingw32/bin/../lib/gcc/nios2-elf/4.1.2/../../../../nios2-elf/lib\libc.a(lib_a-strlen.o)
                0x0000e4c8                strlen
 .text          0x0000e53c       0x78 c:/altera/11.0/nios2eds/bin/gnu/h-i686-mingw32/bin/../lib/gcc/nios2-elf/4.1.2/../../../../nios2-elf/lib\libc.a(lib_a-writer.o)
                0x0000e53c                _write_r
 .text          0x0000e5b4       0xb4 c:/altera/11.0/nios2eds/bin/gnu/h-i686-mingw32/bin/../lib/gcc/nios2-elf/4.1.2/../../../../nios2-elf/lib\libc.a(lib_a-callocr.o)
                0x0000e5b4                _calloc_r
 .text          0x0000e668       0x70 c:/altera/11.0/nios2eds/bin/gnu/h-i686-mingw32/bin/../lib/gcc/nios2-elf/4.1.2/../../../../nios2-elf/lib\libc.a(lib_a-closer.o)
                0x0000e668                _close_r
 .text          0x0000e6d8      0x124 c:/altera/11.0/nios2eds/bin/gnu/h-i686-mingw32/bin/../lib/gcc/nios2-elf/4.1.2/../../../../nios2-elf/lib\libc.a(lib_a-fclose.o)
                0x0000e6d8                _fclose_r
                0x0000e7e8                fclose
 .text          0x0000e7fc       0x74 c:/altera/11.0/nios2eds/bin/gnu/h-i686-mingw32/bin/../lib/gcc/nios2-elf/4.1.2/../../../../nios2-elf/lib\libc.a(lib_a-fstatr.o)
                0x0000e7fc                _fstat_r
 .text          0x0000e870        0x0 c:/altera/11.0/nios2eds/bin/gnu/h-i686-mingw32/bin/../lib/gcc/nios2-elf/4.1.2/../../../../nios2-elf/lib\libc.a(lib_a-int_errno.o)
 .text          0x0000e870       0x70 c:/altera/11.0/nios2eds/bin/gnu/h-i686-mingw32/bin/../lib/gcc/nios2-elf/4.1.2/../../../../nios2-elf/lib\libc.a(lib_a-isattyr.o)
                0x0000e870                _isatty_r
 .text          0x0000e8e0       0x78 c:/altera/11.0/nios2eds/bin/gnu/h-i686-mingw32/bin/../lib/gcc/nios2-elf/4.1.2/../../../../nios2-elf/lib\libc.a(lib_a-lseekr.o)
                0x0000e8e0                _lseek_r
 .text          0x0000e958       0x78 c:/altera/11.0/nios2eds/bin/gnu/h-i686-mingw32/bin/../lib/gcc/nios2-elf/4.1.2/../../../../nios2-elf/lib\libc.a(lib_a-readr.o)
                0x0000e958                _read_r
 .text          0x0000e9d0      0x5dc c:/altera/11.0/nios2eds/bin/gnu/h-i686-mingw32/bin/../lib/gcc/nios2-elf/4.1.2\libgcc.a(_udivdi3.o)
                0x0000e9d0                __udivdi3
 .text          0x0000efac      0x5b0 c:/altera/11.0/nios2eds/bin/gnu/h-i686-mingw32/bin/../lib/gcc/nios2-elf/4.1.2\libgcc.a(_umoddi3.o)
                0x0000efac                __umoddi3
 .text          0x0000f55c       0x88 c:/altera/11.0/nios2eds/bin/gnu/h-i686-mingw32/bin/../lib/gcc/nios2-elf/4.1.2\libgcc.a(_eq_df.o)
                0x0000f55c                __eqdf2
 .text          0x0000f5e4       0x88 c:/altera/11.0/nios2eds/bin/gnu/h-i686-mingw32/bin/../lib/gcc/nios2-elf/4.1.2\libgcc.a(_ne_df.o)
                0x0000f5e4                __nedf2
 .text          0x0000f66c       0x88 c:/altera/11.0/nios2eds/bin/gnu/h-i686-mingw32/bin/../lib/gcc/nios2-elf/4.1.2\libgcc.a(_ge_df.o)
                0x0000f66c                __gedf2
 .text          0x0000f6f4      0x14c c:/altera/11.0/nios2eds/bin/gnu/h-i686-mingw32/bin/../lib/gcc/nios2-elf/4.1.2\libgcc.a(lib2-divmod.o)
                0x0000f770                __divsi3
                0x0000f7d0                __modsi3
                0x0000f830                __udivsi3
                0x0000f838                __umodsi3
 .text          0x0000f840      0x15c ../freq_relay_proj_bsp/\libhal_bsp.a(alt_close.o)
                0x0000f840                close
 .text          0x0000f99c       0x2c ../freq_relay_proj_bsp/\libhal_bsp.a(alt_dev.o)
 .text          0x0000f9c8        0x0 ../freq_relay_proj_bsp/\libhal_bsp.a(alt_errno.o)
 .text          0x0000f9c8      0x134 ../freq_relay_proj_bsp/\libhal_bsp.a(alt_fstat.o)
                0x0000f9c8                fstat
 .text          0x0000fafc        0x0 ../freq_relay_proj_bsp/\libhal_bsp.a(alt_irq_handler.o)
 .text          0x0000fafc        0x0 ../freq_relay_proj_bsp/\libhal_bsp.a(alt_irq_vars.o)
 .text          0x0000fafc      0x120 ../freq_relay_proj_bsp/\libhal_bsp.a(alt_isatty.o)
                0x0000fafc                isatty
 .text          0x0000fc1c      0x150 ../freq_relay_proj_bsp/\libhal_bsp.a(alt_lseek.o)
                0x0000fc1c                lseek
 .text          0x0000fd6c       0x6c ../freq_relay_proj_bsp/\libhal_bsp.a(alt_main.o)
                0x0000fd6c                alt_main
 .text          0x0000fdd8       0x40 ../freq_relay_proj_bsp/\libhal_bsp.a(alt_malloc_lock.o)
                0x0000fdd8                __malloc_lock
                0x0000fdf8                __malloc_unlock
 .text          0x0000fe18      0x180 ../freq_relay_proj_bsp/\libhal_bsp.a(alt_read.o)
                0x0000fe18                read
 .text          0x0000ff98       0x60 ../freq_relay_proj_bsp/\libhal_bsp.a(alt_release_fd.o)
                0x0000ff98                alt_release_fd
 .text          0x0000fff8       0xbc ../freq_relay_proj_bsp/\libhal_bsp.a(alt_sbrk.o)
                0x0000fff8                sbrk
 .text          0x000100b4      0x180 ../freq_relay_proj_bsp/\libhal_bsp.a(alt_write.o)
                0x000100b4                write
 .text          0x00010234      0x3d8 ../freq_relay_proj_bsp/\libhal_bsp.a(alt_sys_init.o)
                0x00010234                alt_irq_init
                0x00010268                alt_sys_init
 .text          0x0001060c      0x8d8 ../freq_relay_proj_bsp/\libhal_bsp.a(altera_avalon_cfi_flash.o)
                0x0001060c                alt_flash_cfi_init
                0x000106e0                alt_flash_cfi_write
                0x000109a0                alt_flash_cfi_get_info
                0x00010a30                alt_flash_cfi_read
                0x00010a98                alt_write_value_to_flash
                0x00010bfc                alt_flash_program_block
 .text          0x00010ee4     0x1448 ../freq_relay_proj_bsp/\libhal_bsp.a(altera_avalon_cfi_flash_table.o)
                0x00010ee4                alt_read_query_entry_8bit
                0x00010f24                alt_read_query_entry_16bit
                0x00010f68                alt_read_query_entry_32bit
                0x00010fb0                alt_write_flash_command_8bit_device_8bit_mode
                0x00010fec                alt_write_flash_command_16bit_device_8bit_mode
                0x00011068                alt_write_flash_command_32bit_device_8bit_mode
                0x000110b0                alt_write_flash_command_16bit_device_16bit_mode
                0x000110f4                alt_write_flash_command_32bit_device_16bit_mode
                0x0001113c                alt_write_flash_command_32bit_device_32bit_mode
                0x00011184                alt_write_native_8bit
                0x000111b8                alt_write_native_16bit
                0x000111ec                alt_write_native_32bit
                0x0001121c                alt_set_flash_width_func
                0x000113fc                alt_set_flash_algorithm_func
                0x00011524                alt_read_cfi_table
                0x00011aa4                alt_read_cfi_width
                0x00012250                alt_check_primary_table
 .text          0x0001232c      0x148 ../freq_relay_proj_bsp/\libhal_bsp.a(altera_avalon_jtag_uart_fd.o)
                0x0001232c                altera_avalon_jtag_uart_read_fd
                0x00012384                altera_avalon_jtag_uart_write_fd
                0x000123dc                altera_avalon_jtag_uart_close_fd
                0x00012424                altera_avalon_jtag_uart_ioctl_fd
 .text          0x00012474      0x408 ../freq_relay_proj_bsp/\libhal_bsp.a(altera_avalon_jtag_uart_init.o)
                0x00012474                altera_avalon_jtag_uart_init
                0x00012808                altera_avalon_jtag_uart_close
 .text          0x0001287c       0xf4 ../freq_relay_proj_bsp/\libhal_bsp.a(altera_avalon_jtag_uart_ioctl.o)
                0x0001287c                altera_avalon_jtag_uart_ioctl
 .text          0x00012970      0x224 ../freq_relay_proj_bsp/\libhal_bsp.a(altera_avalon_jtag_uart_read.o)
                0x00012970                altera_avalon_jtag_uart_read
 .text          0x00012b94      0x240 ../freq_relay_proj_bsp/\libhal_bsp.a(altera_avalon_jtag_uart_write.o)
                0x00012b94                altera_avalon_jtag_uart_write
 .text          0x00012dd4      0xee0 ../freq_relay_proj_bsp/\libhal_bsp.a(altera_avalon_lcd_16207.o)
                0x000135a8                altera_avalon_lcd_16207_write
                0x00013b78                altera_avalon_lcd_16207_init
 .text          0x00013cb4       0x58 ../freq_relay_proj_bsp/\libhal_bsp.a(altera_avalon_lcd_16207_fd.o)
                0x00013cb4                altera_avalon_lcd_16207_write_fd
 .text          0x00013d0c       0xfc ../freq_relay_proj_bsp/\libhal_bsp.a(altera_avalon_timer_sc.o)
                0x00013d80                alt_avalon_timer_sc_init
 .text          0x00013e08       0xf8 ../freq_relay_proj_bsp/\libhal_bsp.a(altera_avalon_uart_fd.o)
                0x00013e08                altera_avalon_uart_read_fd
                0x00013e60                altera_avalon_uart_write_fd
                0x00013eb8                altera_avalon_uart_close_fd
 .text          0x00013f00      0x3fc ../freq_relay_proj_bsp/\libhal_bsp.a(altera_avalon_uart_init.o)
                0x00013f00                altera_avalon_uart_init
                0x0001429c                altera_avalon_uart_close
 .text          0x000142fc      0x290 ../freq_relay_proj_bsp/\libhal_bsp.a(altera_avalon_uart_read.o)
                0x000142fc                altera_avalon_uart_read
 .text          0x0001458c      0x228 ../freq_relay_proj_bsp/\libhal_bsp.a(altera_avalon_uart_write.o)
                0x0001458c                altera_avalon_uart_write
 .text          0x000147b4      0x700 ../freq_relay_proj_bsp/\libhal_bsp.a(altera_up_avalon_ps2.o)
                0x000147b4                read_RI_bit
                0x000147e8                read_RE_bit
                0x00014818                read_CE_bit
                0x0001484c                read_num_bytes_available
                0x00014880                read_data_valid
                0x000148b4                read_data_byte
                0x000148e0                alt_up_ps2_init
                0x000149ac                alt_up_ps2_enable_read_interrupt
                0x00014a00                alt_up_ps2_disable_read_interrupt
                0x00014a58                alt_up_ps2_write_data_byte
                0x00014ad0                alt_up_ps2_wait_for_ack
                0x00014b40                alt_up_ps2_write_data_byte_with_ack
                0x00014bac                alt_up_ps2_read_data_byte_timeout
                0x00014c5c                alt_up_ps2_read_data_byte
                0x00014cd8                alt_up_ps2_clear_fifo
                0x00014d30                alt_up_ps2_read_fd
                0x00014dcc                alt_up_ps2_write_fd
                0x00014e74                alt_up_ps2_open_dev
 .text          0x00014eb4      0x304 ../freq_relay_proj_bsp/\libhal_bsp.a(altera_up_avalon_video_character_buffer_with_dma.o)
                0x00014eb4                alt_up_char_buffer_init
                0x00014f38                alt_up_char_buffer_open_dev
                0x00014f78                alt_up_char_buffer_draw
                0x00015048                alt_up_char_buffer_string
                0x0001515c                alt_up_char_buffer_clear
 .text          0x000151b8     0x156c ../freq_relay_proj_bsp/\libhal_bsp.a(altera_up_avalon_video_pixel_buffer_dma.o)
                0x000151b8                alt_up_pixel_buffer_dma_open_dev
                0x000151f8                alt_up_pixel_buffer_dma_draw
                0x00015398                alt_up_pixel_buffer_dma_change_back_buffer_address
                0x000153f0                alt_up_pixel_buffer_dma_swap_buffers
                0x00015448                alt_up_pixel_buffer_dma_check_swap_buffers_status
                0x0001547c                alt_up_pixel_buffer_dma_clear_screen
                0x000155e0                alt_up_pixel_buffer_dma_draw_box
                0x00015ad4                alt_up_pixel_buffer_dma_draw_hline
                0x00015e24                alt_up_pixel_buffer_dma_draw_vline
                0x000161f4                alt_up_pixel_buffer_dma_draw_rectangle
                0x000162b8                helper_plot_pixel
                0x00016388                alt_up_pixel_buffer_dma_draw_line
 .text          0x00016724      0x5e0 ../freq_relay_proj_bsp/\libhal_bsp.a(altera_up_ps2_keyboard.o)
                0x00016724                get_multi_byte_make_code_index
                0x0001679c                get_single_byte_make_code_index
                0x00016814                get_next_state
                0x00016a70                decode_scancode
                0x00016b1c                set_keyboard_rate
                0x00016b7c                translate_make_code
                0x00016c84                reset_keyboard
 .text          0x00016d04      0x154 ../freq_relay_proj_bsp/\libhal_bsp.a(alt_alarm_start.o)
                0x00016d04                alt_alarm_start
 .text          0x00016e58       0x78 ../freq_relay_proj_bsp/\libhal_bsp.a(alt_dcache_flush.o)
                0x00016e58                alt_dcache_flush
 .text          0x00016ed0      0x114 ../freq_relay_proj_bsp/\libhal_bsp.a(alt_dev_llist_insert.o)
                0x00016ed0                alt_dev_llist_insert
 .text          0x00016fe4       0x64 ../freq_relay_proj_bsp/\libhal_bsp.a(alt_do_ctors.o)
                0x00016fe4                _do_ctors
 .text          0x00017048       0x64 ../freq_relay_proj_bsp/\libhal_bsp.a(alt_do_dtors.o)
                0x00017048                _do_dtors
 .text          0x000170ac       0x94 ../freq_relay_proj_bsp/\libhal_bsp.a(alt_find_dev.o)
                0x000170ac                alt_find_dev
 .text          0x00017140       0xd0 ../freq_relay_proj_bsp/\libhal_bsp.a(alt_flash_dev.o)
                0x00017140                alt_flash_open_dev
                0x000171bc                alt_flash_close_dev
 .text          0x00017210      0x13c ../freq_relay_proj_bsp/\libhal_bsp.a(alt_io_redirect.o)
                0x000172d4                alt_io_redirect
 .text          0x0001734c      0x2c4 ../freq_relay_proj_bsp/\libhal_bsp.a(alt_open.o)
                0x00017428                open
 .text          0x00017610      0x1a4 ../freq_relay_proj_bsp/\libhal_bsp.a(alt_tick.o)
                0x00017610                alt_alarm_stop
                0x000176a8                alt_tick
 .text          0x000177b4       0x30 ../freq_relay_proj_bsp/\libhal_bsp.a(alt_usleep.o)
                0x000177b4                usleep
 .text          0x000177e4       0x20 ../freq_relay_proj_bsp/\libhal_bsp.a(altera_nios2_qsys_irq.o)
                0x000177e4                altera_nios2_qsys_irq_init
 .text          0x00017804      0x460 ../freq_relay_proj_bsp/\libhal_bsp.a(altera_avalon_cfi_flash_amd.o)
                0x00017804                alt_program_amd
                0x0001786c                alt_erase_block_amd
 .text          0x00017c64      0x460 ../freq_relay_proj_bsp/\libhal_bsp.a(altera_avalon_cfi_flash_intel.o)
                0x00017c64                alt_program_intel
                0x00017ce8                alt_erase_block_intel
 .text          0x000180c4      0x12c ../freq_relay_proj_bsp/\libhal_bsp.a(alt_busy_sleep.o)
                0x000180c4                alt_busy_sleep
 .text          0x000181f0      0x120 ../freq_relay_proj_bsp/\libhal_bsp.a(alt_find_file.o)
                0x000181f0                alt_find_file
 .text          0x00018310       0xb8 ../freq_relay_proj_bsp/\libhal_bsp.a(alt_get_fd.o)
                0x00018310                alt_get_fd
 .text          0x000183c8       0x14 c:/altera/11.0/nios2eds/bin/gnu/h-i686-mingw32/bin/../lib/gcc/nios2-elf/4.1.2/../../../../nios2-elf/lib\libc.a(lib_a-atexit.o)
                0x000183c8                atexit
 .text          0x000183dc        0x0 c:/altera/11.0/nios2eds/bin/gnu/h-i686-mingw32/bin/../lib/gcc/nios2-elf/4.1.2/../../../../nios2-elf/lib\libc.a(lib_a-ctype_.o)
 .text          0x000183dc       0x38 c:/altera/11.0/nios2eds/bin/gnu/h-i686-mingw32/bin/../lib/gcc/nios2-elf/4.1.2/../../../../nios2-elf/lib\libc.a(lib_a-exit.o)
                0x000183dc                exit
 .text          0x00018414       0x8c c:/altera/11.0/nios2eds/bin/gnu/h-i686-mingw32/bin/../lib/gcc/nios2-elf/4.1.2/../../../../nios2-elf/lib\libc.a(lib_a-strcpy.o)
                0x00018414                strcpy
 .text          0x000184a0      0x134 c:/altera/11.0/nios2eds/bin/gnu/h-i686-mingw32/bin/../lib/gcc/nios2-elf/4.1.2/../../../../nios2-elf/lib\libc.a(lib_a-__atexit.o)
                0x000184a0                __register_exitproc
 .text          0x000185d4      0x1b4 c:/altera/11.0/nios2eds/bin/gnu/h-i686-mingw32/bin/../lib/gcc/nios2-elf/4.1.2/../../../../nios2-elf/lib\libc.a(lib_a-__call_atexit.o)
                0x000185d8                __call_exitprocs
 .text          0x00018788       0x60 ../freq_relay_proj_bsp/\libhal_bsp.a(alt_exit.o)
                0x000187c8                _exit
 *(.gnu.warning.*)
 *(.fini)
                0x000187e8                PROVIDE (__etext, ABSOLUTE (.))
                0x000187e8                PROVIDE (_etext, ABSOLUTE (.))
                0x000187e8                PROVIDE (etext, ABSOLUTE (.))
 *(.eh_frame_hdr)
                0x000187e8                . = ALIGN (0x4)
                0x000187e8                PROVIDE (__preinit_array_start, ABSOLUTE (.))
 *(.preinit_array)
                0x000187e8                PROVIDE (__preinit_array_end, ABSOLUTE (.))
                0x000187e8                PROVIDE (__init_array_start, ABSOLUTE (.))
 *(.init_array)
                0x000187e8                PROVIDE (__init_array_end, ABSOLUTE (.))
                0x000187e8                PROVIDE (__fini_array_start, ABSOLUTE (.))
 *(.fini_array)
                0x000187e8                PROVIDE (__fini_array_end, ABSOLUTE (.))
 *(.eh_frame)
 .eh_frame      0x000187e8       0x40 c:/altera/11.0/nios2eds/bin/gnu/h-i686-mingw32/bin/../lib/gcc/nios2-elf/4.1.2\libgcc.a(_udivdi3.o)
 .eh_frame      0x00018828       0x2c c:/altera/11.0/nios2eds/bin/gnu/h-i686-mingw32/bin/../lib/gcc/nios2-elf/4.1.2\libgcc.a(_umoddi3.o)
                                 0x40 (size before relaxing)
 *(.gcc_except_table)
 *(.dynamic)
                0x00018854                PROVIDE (__CTOR_LIST__, ABSOLUTE (.))
 *(.ctors)
 *(SORT(.ctors.*))
 .ctors.65535   0x00018854        0x4 c:/altera/11.0/nios2eds/bin/gnu/h-i686-mingw32/bin/../lib/gcc/nios2-elf/4.1.2/../../../../nios2-elf/lib\libc.a(lib_a-__call_atexit.o)
                0x00018858                PROVIDE (__CTOR_END__, ABSOLUTE (.))
                0x00018858                PROVIDE (__DTOR_LIST__, ABSOLUTE (.))
 *(.dtors)
 *(SORT(.dtors.*))
                0x00018858                PROVIDE (__DTOR_END__, ABSOLUTE (.))
 *(.jcr)
                0x00018858                . = ALIGN (0x4)

.rodata         0x08000000      0xbb4
                0x08000000                PROVIDE (__ram_rodata_start, ABSOLUTE (.))
                0x08000000                . = ALIGN (0x4)
 *(.rodata .rodata.* .gnu.linkonce.r.*)
 .rodata        0x08000000       0x34 obj/FreeRTOS/port.o
 .rodata        0x08000034       0x1c obj/FreeRTOS/tasks.o
 .rodata        0x08000050        0x8 obj/FreeRTOS/timers.o
 .rodata        0x08000058       0x40 obj/freq_irq.o
 .rodata        0x08000098       0x64 obj/load_control.o
 .rodata        0x080000fc       0x10 obj/state_machine.o
 .rodata        0x0800010c       0xc4 obj/threshold_control.o
 .rodata        0x080001d0        0x8 obj/timer.o
 .rodata        0x080001d8      0x128 obj/vga.o
 .rodata        0x08000300       0x14 c:/altera/11.0/nios2eds/bin/gnu/h-i686-mingw32/bin/../lib/gcc/nios2-elf/4.1.2\libgcc.a(_thenan_df.o)
                0x08000300                __thenan_df
 .rodata        0x08000314      0x100 c:/altera/11.0/nios2eds/bin/gnu/h-i686-mingw32/bin/../lib/gcc/nios2-elf/4.1.2\libgcc.a(_clz.o)
                0x08000314                __clz_tab
 .rodata.str1.4
                0x08000414       0x5e c:/altera/11.0/nios2eds/bin/gnu/h-i686-mingw32/bin/../lib/gcc/nios2-elf/4.1.2/../../../../nios2-elf/lib\libc.a(lib_a-vfprintf.o)
                                 0x60 (size before relaxing)
 .rodata        0x08000472       0x20 c:/altera/11.0/nios2eds/bin/gnu/h-i686-mingw32/bin/../lib/gcc/nios2-elf/4.1.2/../../../../nios2-elf/lib\libc.a(lib_a-vfprintf.o)
 *fill*         0x08000492        0x2 00
 .rodata.str1.4
                0x08000494       0x10 c:/altera/11.0/nios2eds/bin/gnu/h-i686-mingw32/bin/../lib/gcc/nios2-elf/4.1.2/../../../../nios2-elf/lib\libc.a(lib_a-dtoa.o)
                                 0x14 (size before relaxing)
 .rodata.str1.4
                0x080004a4        0x2 c:/altera/11.0/nios2eds/bin/gnu/h-i686-mingw32/bin/../lib/gcc/nios2-elf/4.1.2/../../../../nios2-elf/lib\libc.a(lib_a-impure.o)
                                  0x4 (size before relaxing)
 *fill*         0x080004a6        0x2 00
 .rodata.str1.4
                0x080004a8       0x10 c:/altera/11.0/nios2eds/bin/gnu/h-i686-mingw32/bin/../lib/gcc/nios2-elf/4.1.2/../../../../nios2-elf/lib\libc.a(lib_a-locale.o)
                                 0x18 (size before relaxing)
 .rodata        0x080004b8       0x30 c:/altera/11.0/nios2eds/bin/gnu/h-i686-mingw32/bin/../lib/gcc/nios2-elf/4.1.2/../../../../nios2-elf/lib\libc.a(lib_a-locale.o)
 .rodata        0x080004e8      0x124 c:/altera/11.0/nios2eds/bin/gnu/h-i686-mingw32/bin/../lib/gcc/nios2-elf/4.1.2/../../../../nios2-elf/lib\libc.a(lib_a-mprec.o)
                0x080004e8                __mprec_tens
                0x080005b0                __mprec_bigtens
                0x080005d8                __mprec_tinytens
 .rodata        0x0800060c        0xc ../freq_relay_proj_bsp/\libhal_bsp.a(alt_dev.o)
 .rodata        0x08000618       0x10 ../freq_relay_proj_bsp/\libhal_bsp.a(alt_main.o)
 .rodata        0x08000628       0xb0 ../freq_relay_proj_bsp/\libhal_bsp.a(alt_sys_init.o)
 .rodata        0x080006d8       0x1c ../freq_relay_proj_bsp/\libhal_bsp.a(altera_up_avalon_video_character_buffer_with_dma.o)
 .rodata        0x080006f4      0x23c ../freq_relay_proj_bsp/\libhal_bsp.a(altera_up_ps2_keyboard.o)
 .rodata        0x08000930      0x281 c:/altera/11.0/nios2eds/bin/gnu/h-i686-mingw32/bin/../lib/gcc/nios2-elf/4.1.2/../../../../nios2-elf/lib\libc.a(lib_a-ctype_.o)
                0x08000930                _ctype_
 *(.rodata1)
                0x08000bb4                . = ALIGN (0x4)
 *fill*         0x08000bb1        0x3 00
                0x08000bb4                PROVIDE (__ram_rodata_end, ABSOLUTE (.))
                0x08000000                PROVIDE (__flash_rodata_start, LOADADDR (.rodata))

.rwdata         0x08000bb4     0x20f0
                0x08000bb4                PROVIDE (__ram_rwdata_start, ABSOLUTE (.))
                0x08000bb4                . = ALIGN (0x4)
 *(.got.plt)
 *(.got)
 *(.data1)
 *(.data .data.* .gnu.linkonce.d.*)
 .data          0x08000bb4        0x0 ../freq_relay_proj_bsp//obj/HAL/src/crt0.o
 .data          0x08000bb4        0x0 obj/FreeRTOS/croutine.o
 .data          0x08000bb4        0x0 obj/FreeRTOS/heap.o
 .data          0x08000bb4        0x0 obj/FreeRTOS/list.o
 .data          0x08000bb4        0x0 obj/FreeRTOS/port.o
 .data          0x08000bb4        0x0 obj/FreeRTOS/queue.o
 .data          0x08000bb4        0x0 obj/FreeRTOS/tasks.o
 .data          0x08000bb4        0x0 obj/FreeRTOS/timers.o
 .data          0x08000bb4        0x0 obj/freq_irq.o
 .data          0x08000bb4        0x0 obj/load_control.o
 .data          0x08000bb4        0x0 obj/main.o
 .data          0x08000bb4        0x0 obj/state_machine.o
 .data          0x08000bb4       0x10 obj/threshold_control.o
 .data          0x08000bc4        0x0 obj/timer.o
 .data          0x08000bc4        0x0 obj/vga.o
 .data          0x08000bc4        0x0 obj/FreeRTOS/port_asm.o
 .data          0x08000bc4        0x0 c:/altera/11.0/nios2eds/bin/gnu/h-i686-mingw32/bin/../lib/gcc/nios2-elf/4.1.2\libgcc.a(_addsub_df.o)
 .data          0x08000bc4        0x0 c:/altera/11.0/nios2eds/bin/gnu/h-i686-mingw32/bin/../lib/gcc/nios2-elf/4.1.2\libgcc.a(_mul_df.o)
 .data          0x08000bc4        0x0 c:/altera/11.0/nios2eds/bin/gnu/h-i686-mingw32/bin/../lib/gcc/nios2-elf/4.1.2\libgcc.a(_div_df.o)
 .data          0x08000bc4        0x0 c:/altera/11.0/nios2eds/bin/gnu/h-i686-mingw32/bin/../lib/gcc/nios2-elf/4.1.2\libgcc.a(_gt_df.o)
 .data          0x08000bc4        0x0 c:/altera/11.0/nios2eds/bin/gnu/h-i686-mingw32/bin/../lib/gcc/nios2-elf/4.1.2\libgcc.a(_lt_df.o)
 .data          0x08000bc4        0x0 c:/altera/11.0/nios2eds/bin/gnu/h-i686-mingw32/bin/../lib/gcc/nios2-elf/4.1.2\libgcc.a(_si_to_df.o)
 .data          0x08000bc4        0x0 c:/altera/11.0/nios2eds/bin/gnu/h-i686-mingw32/bin/../lib/gcc/nios2-elf/4.1.2\libgcc.a(_df_to_si.o)
 .data          0x08000bc4        0x0 c:/altera/11.0/nios2eds/bin/gnu/h-i686-mingw32/bin/../lib/gcc/nios2-elf/4.1.2\libgcc.a(_thenan_df.o)
 .data          0x08000bc4        0x0 c:/altera/11.0/nios2eds/bin/gnu/h-i686-mingw32/bin/../lib/gcc/nios2-elf/4.1.2\libgcc.a(_usi_to_df.o)
 .data          0x08000bc4        0x0 c:/altera/11.0/nios2eds/bin/gnu/h-i686-mingw32/bin/../lib/gcc/nios2-elf/4.1.2\libgcc.a(_muldi3.o)
 .data          0x08000bc4        0x0 c:/altera/11.0/nios2eds/bin/gnu/h-i686-mingw32/bin/../lib/gcc/nios2-elf/4.1.2\libgcc.a(_clzsi2.o)
 .data          0x08000bc4        0x0 c:/altera/11.0/nios2eds/bin/gnu/h-i686-mingw32/bin/../lib/gcc/nios2-elf/4.1.2\libgcc.a(_pack_df.o)
 .data          0x08000bc4        0x0 c:/altera/11.0/nios2eds/bin/gnu/h-i686-mingw32/bin/../lib/gcc/nios2-elf/4.1.2\libgcc.a(_unpack_df.o)
 .data          0x08000bc4        0x0 c:/altera/11.0/nios2eds/bin/gnu/h-i686-mingw32/bin/../lib/gcc/nios2-elf/4.1.2\libgcc.a(_fpcmp_parts_df.o)
 .data          0x08000bc4        0x0 c:/altera/11.0/nios2eds/bin/gnu/h-i686-mingw32/bin/../lib/gcc/nios2-elf/4.1.2\libgcc.a(_clz.o)
 .data          0x08000bc4        0x0 c:/altera/11.0/nios2eds/bin/gnu/h-i686-mingw32/bin/../lib/gcc/nios2-elf/4.1.2/../../../../nios2-elf/lib\libc.a(lib_a-memcmp.o)
 .data          0x08000bc4        0x0 c:/altera/11.0/nios2eds/bin/gnu/h-i686-mingw32/bin/../lib/gcc/nios2-elf/4.1.2/../../../../nios2-elf/lib\libc.a(lib_a-memcpy.o)
 .data          0x08000bc4        0x0 c:/altera/11.0/nios2eds/bin/gnu/h-i686-mingw32/bin/../lib/gcc/nios2-elf/4.1.2/../../../../nios2-elf/lib\libc.a(lib_a-memset.o)
 .data          0x08000bc4        0x0 c:/altera/11.0/nios2eds/bin/gnu/h-i686-mingw32/bin/../lib/gcc/nios2-elf/4.1.2/../../../../nios2-elf/lib\libc.a(lib_a-printf.o)
 .data          0x08000bc4        0x0 c:/altera/11.0/nios2eds/bin/gnu/h-i686-mingw32/bin/../lib/gcc/nios2-elf/4.1.2/../../../../nios2-elf/lib\libc.a(lib_a-snprintf.o)
 .data          0x08000bc4        0x0 c:/altera/11.0/nios2eds/bin/gnu/h-i686-mingw32/bin/../lib/gcc/nios2-elf/4.1.2/../../../../nios2-elf/lib\libc.a(lib_a-strncpy.o)
 .data          0x08000bc4        0x0 c:/altera/11.0/nios2eds/bin/gnu/h-i686-mingw32/bin/../lib/gcc/nios2-elf/4.1.2/../../../../nios2-elf/lib\libc.a(lib_a-vfprintf.o)
 .data          0x08000bc4        0x0 c:/altera/11.0/nios2eds/bin/gnu/h-i686-mingw32/bin/../lib/gcc/nios2-elf/4.1.2/../../../../nios2-elf/lib\libc.a(lib_a-wsetup.o)
 .data          0x08000bc4        0x0 c:/altera/11.0/nios2eds/bin/gnu/h-i686-mingw32/bin/../lib/gcc/nios2-elf/4.1.2/../../../../nios2-elf/lib\libc.a(lib_a-dtoa.o)
 .data          0x08000bc4        0x0 c:/altera/11.0/nios2eds/bin/gnu/h-i686-mingw32/bin/../lib/gcc/nios2-elf/4.1.2/../../../../nios2-elf/lib\libc.a(lib_a-fflush.o)
 .data          0x08000bc4        0x0 c:/altera/11.0/nios2eds/bin/gnu/h-i686-mingw32/bin/../lib/gcc/nios2-elf/4.1.2/../../../../nios2-elf/lib\libc.a(lib_a-findfp.o)
 .data          0x08000bc4        0x0 c:/altera/11.0/nios2eds/bin/gnu/h-i686-mingw32/bin/../lib/gcc/nios2-elf/4.1.2/../../../../nios2-elf/lib\libc.a(lib_a-freer.o)
 .data          0x08000bc4        0x0 c:/altera/11.0/nios2eds/bin/gnu/h-i686-mingw32/bin/../lib/gcc/nios2-elf/4.1.2/../../../../nios2-elf/lib\libc.a(lib_a-fvwrite.o)
 .data          0x08000bc4        0x0 c:/altera/11.0/nios2eds/bin/gnu/h-i686-mingw32/bin/../lib/gcc/nios2-elf/4.1.2/../../../../nios2-elf/lib\libc.a(lib_a-fwalk.o)
 .data          0x08000bc4      0x400 c:/altera/11.0/nios2eds/bin/gnu/h-i686-mingw32/bin/../lib/gcc/nios2-elf/4.1.2/../../../../nios2-elf/lib\libc.a(lib_a-impure.o)
 .data          0x08000fc4        0xc c:/altera/11.0/nios2eds/bin/gnu/h-i686-mingw32/bin/../lib/gcc/nios2-elf/4.1.2/../../../../nios2-elf/lib\libc.a(lib_a-locale.o)
                0x08000fc4                __lc_ctype
 .data          0x08000fd0        0x0 c:/altera/11.0/nios2eds/bin/gnu/h-i686-mingw32/bin/../lib/gcc/nios2-elf/4.1.2/../../../../nios2-elf/lib\libc.a(lib_a-makebuf.o)
 .data          0x08000fd0      0x408 c:/altera/11.0/nios2eds/bin/gnu/h-i686-mingw32/bin/../lib/gcc/nios2-elf/4.1.2/../../../../nios2-elf/lib\libc.a(lib_a-mallocr.o)
                0x08000fd0                __malloc_av_
 .data          0x080013d8        0x0 c:/altera/11.0/nios2eds/bin/gnu/h-i686-mingw32/bin/../lib/gcc/nios2-elf/4.1.2/../../../../nios2-elf/lib\libc.a(lib_a-memchr.o)
 .data          0x080013d8        0x0 c:/altera/11.0/nios2eds/bin/gnu/h-i686-mingw32/bin/../lib/gcc/nios2-elf/4.1.2/../../../../nios2-elf/lib\libc.a(lib_a-memmove.o)
 .data          0x080013d8        0x0 c:/altera/11.0/nios2eds/bin/gnu/h-i686-mingw32/bin/../lib/gcc/nios2-elf/4.1.2/../../../../nios2-elf/lib\libc.a(lib_a-mprec.o)
 .data          0x080013d8        0x0 c:/altera/11.0/nios2eds/bin/gnu/h-i686-mingw32/bin/../lib/gcc/nios2-elf/4.1.2/../../../../nios2-elf/lib\libc.a(lib_a-reallocr.o)
 .data          0x080013d8        0x0 c:/altera/11.0/nios2eds/bin/gnu/h-i686-mingw32/bin/../lib/gcc/nios2-elf/4.1.2/../../../../nios2-elf/lib\libc.a(lib_a-s_isinfd.o)
 .data          0x080013d8        0x0 c:/altera/11.0/nios2eds/bin/gnu/h-i686-mingw32/bin/../lib/gcc/nios2-elf/4.1.2/../../../../nios2-elf/lib\libc.a(lib_a-s_isnand.o)
 .data          0x080013d8        0x0 c:/altera/11.0/nios2eds/bin/gnu/h-i686-mingw32/bin/../lib/gcc/nios2-elf/4.1.2/../../../../nios2-elf/lib\libc.a(lib_a-sbrkr.o)
 .data          0x080013d8        0x0 c:/altera/11.0/nios2eds/bin/gnu/h-i686-mingw32/bin/../lib/gcc/nios2-elf/4.1.2/../../../../nios2-elf/lib\libc.a(lib_a-stdio.o)
 .data          0x080013d8        0x0 c:/altera/11.0/nios2eds/bin/gnu/h-i686-mingw32/bin/../lib/gcc/nios2-elf/4.1.2/../../../../nios2-elf/lib\libc.a(lib_a-strcmp.o)
 .data          0x080013d8        0x0 c:/altera/11.0/nios2eds/bin/gnu/h-i686-mingw32/bin/../lib/gcc/nios2-elf/4.1.2/../../../../nios2-elf/lib\libc.a(lib_a-strlen.o)
 .data          0x080013d8        0x0 c:/altera/11.0/nios2eds/bin/gnu/h-i686-mingw32/bin/../lib/gcc/nios2-elf/4.1.2/../../../../nios2-elf/lib\libc.a(lib_a-writer.o)
 .data          0x080013d8        0x0 c:/altera/11.0/nios2eds/bin/gnu/h-i686-mingw32/bin/../lib/gcc/nios2-elf/4.1.2/../../../../nios2-elf/lib\libc.a(lib_a-callocr.o)
 .data          0x080013d8        0x0 c:/altera/11.0/nios2eds/bin/gnu/h-i686-mingw32/bin/../lib/gcc/nios2-elf/4.1.2/../../../../nios2-elf/lib\libc.a(lib_a-closer.o)
 .data          0x080013d8        0x0 c:/altera/11.0/nios2eds/bin/gnu/h-i686-mingw32/bin/../lib/gcc/nios2-elf/4.1.2/../../../../nios2-elf/lib\libc.a(lib_a-fclose.o)
 .data          0x080013d8        0x0 c:/altera/11.0/nios2eds/bin/gnu/h-i686-mingw32/bin/../lib/gcc/nios2-elf/4.1.2/../../../../nios2-elf/lib\libc.a(lib_a-fstatr.o)
 .data          0x080013d8        0x0 c:/altera/11.0/nios2eds/bin/gnu/h-i686-mingw32/bin/../lib/gcc/nios2-elf/4.1.2/../../../../nios2-elf/lib\libc.a(lib_a-int_errno.o)
 .data          0x080013d8        0x0 c:/altera/11.0/nios2eds/bin/gnu/h-i686-mingw32/bin/../lib/gcc/nios2-elf/4.1.2/../../../../nios2-elf/lib\libc.a(lib_a-isattyr.o)
 .data          0x080013d8        0x0 c:/altera/11.0/nios2eds/bin/gnu/h-i686-mingw32/bin/../lib/gcc/nios2-elf/4.1.2/../../../../nios2-elf/lib\libc.a(lib_a-lseekr.o)
 .data          0x080013d8        0x0 c:/altera/11.0/nios2eds/bin/gnu/h-i686-mingw32/bin/../lib/gcc/nios2-elf/4.1.2/../../../../nios2-elf/lib\libc.a(lib_a-readr.o)
 .data          0x080013d8        0x0 c:/altera/11.0/nios2eds/bin/gnu/h-i686-mingw32/bin/../lib/gcc/nios2-elf/4.1.2\libgcc.a(_udivdi3.o)
 .data          0x080013d8        0x0 c:/altera/11.0/nios2eds/bin/gnu/h-i686-mingw32/bin/../lib/gcc/nios2-elf/4.1.2\libgcc.a(_umoddi3.o)
 .data          0x080013d8        0x0 c:/altera/11.0/nios2eds/bin/gnu/h-i686-mingw32/bin/../lib/gcc/nios2-elf/4.1.2\libgcc.a(_eq_df.o)
 .data          0x080013d8        0x0 c:/altera/11.0/nios2eds/bin/gnu/h-i686-mingw32/bin/../lib/gcc/nios2-elf/4.1.2\libgcc.a(_ne_df.o)
 .data          0x080013d8        0x0 c:/altera/11.0/nios2eds/bin/gnu/h-i686-mingw32/bin/../lib/gcc/nios2-elf/4.1.2\libgcc.a(_ge_df.o)
 .data          0x080013d8        0x0 c:/altera/11.0/nios2eds/bin/gnu/h-i686-mingw32/bin/../lib/gcc/nios2-elf/4.1.2\libgcc.a(lib2-divmod.o)
 .data          0x080013d8        0x0 ../freq_relay_proj_bsp/\libhal_bsp.a(alt_close.o)
 .data          0x080013d8      0x1a8 ../freq_relay_proj_bsp/\libhal_bsp.a(alt_dev.o)
                0x080013d8                alt_dev_null
                0x08001400                alt_fd_list
 .data          0x08001580        0x0 ../freq_relay_proj_bsp/\libhal_bsp.a(alt_errno.o)
 .data          0x08001580        0x0 ../freq_relay_proj_bsp/\libhal_bsp.a(alt_fstat.o)
 .data          0x08001580        0x0 ../freq_relay_proj_bsp/\libhal_bsp.a(alt_irq_handler.o)
 .data          0x08001580        0x0 ../freq_relay_proj_bsp/\libhal_bsp.a(alt_irq_vars.o)
 .data          0x08001580        0x0 ../freq_relay_proj_bsp/\libhal_bsp.a(alt_isatty.o)
 .data          0x08001580        0x0 ../freq_relay_proj_bsp/\libhal_bsp.a(alt_lseek.o)
 .data          0x08001580        0x0 ../freq_relay_proj_bsp/\libhal_bsp.a(alt_main.o)
 .data          0x08001580        0x0 ../freq_relay_proj_bsp/\libhal_bsp.a(alt_malloc_lock.o)
 .data          0x08001580        0x0 ../freq_relay_proj_bsp/\libhal_bsp.a(alt_read.o)
 .data          0x08001580        0x0 ../freq_relay_proj_bsp/\libhal_bsp.a(alt_release_fd.o)
 .data          0x08001580        0x0 ../freq_relay_proj_bsp/\libhal_bsp.a(alt_sbrk.o)
 .data          0x08001580        0x0 ../freq_relay_proj_bsp/\libhal_bsp.a(alt_write.o)
 .data          0x08001580     0x13f0 ../freq_relay_proj_bsp/\libhal_bsp.a(alt_sys_init.o)
 .data          0x08002970        0x0 ../freq_relay_proj_bsp/\libhal_bsp.a(altera_avalon_cfi_flash.o)
 .data          0x08002970        0x0 ../freq_relay_proj_bsp/\libhal_bsp.a(altera_avalon_cfi_flash_table.o)
 .data          0x08002970        0x0 ../freq_relay_proj_bsp/\libhal_bsp.a(altera_avalon_jtag_uart_fd.o)
 .data          0x08002970        0x0 ../freq_relay_proj_bsp/\libhal_bsp.a(altera_avalon_jtag_uart_init.o)
 .data          0x08002970        0x0 ../freq_relay_proj_bsp/\libhal_bsp.a(altera_avalon_jtag_uart_ioctl.o)
 .data          0x08002970        0x0 ../freq_relay_proj_bsp/\libhal_bsp.a(altera_avalon_jtag_uart_read.o)
 .data          0x08002970        0x0 ../freq_relay_proj_bsp/\libhal_bsp.a(altera_avalon_jtag_uart_write.o)
 .data          0x08002970        0x0 ../freq_relay_proj_bsp/\libhal_bsp.a(altera_avalon_lcd_16207.o)
 .data          0x08002970        0x0 ../freq_relay_proj_bsp/\libhal_bsp.a(altera_avalon_lcd_16207_fd.o)
 .data          0x08002970        0x0 ../freq_relay_proj_bsp/\libhal_bsp.a(altera_avalon_timer_sc.o)
 .data          0x08002970        0x0 ../freq_relay_proj_bsp/\libhal_bsp.a(altera_avalon_uart_fd.o)
 .data          0x08002970        0x0 ../freq_relay_proj_bsp/\libhal_bsp.a(altera_avalon_uart_init.o)
 .data          0x08002970        0x0 ../freq_relay_proj_bsp/\libhal_bsp.a(altera_avalon_uart_read.o)
 .data          0x08002970        0x0 ../freq_relay_proj_bsp/\libhal_bsp.a(altera_avalon_uart_write.o)
 .data          0x08002970        0x0 ../freq_relay_proj_bsp/\libhal_bsp.a(altera_up_avalon_ps2.o)
 .data          0x08002970        0x0 ../freq_relay_proj_bsp/\libhal_bsp.a(altera_up_avalon_video_character_buffer_with_dma.o)
 .data          0x08002970        0x0 ../freq_relay_proj_bsp/\libhal_bsp.a(altera_up_avalon_video_pixel_buffer_dma.o)
 .data          0x08002970      0x2cc ../freq_relay_proj_bsp/\libhal_bsp.a(altera_up_ps2_keyboard.o)
                0x08002970                key_table
                0x08002b08                ascii_codes
                0x08002b6e                single_byte_make_code
                0x08002bd4                multi_byte_make_code
 .data          0x08002c3c        0x0 ../freq_relay_proj_bsp/\libhal_bsp.a(alt_alarm_start.o)
 .data          0x08002c3c        0x0 ../freq_relay_proj_bsp/\libhal_bsp.a(alt_dcache_flush.o)
 .data          0x08002c3c        0x0 ../freq_relay_proj_bsp/\libhal_bsp.a(alt_dev_llist_insert.o)
 .data          0x08002c3c        0x0 ../freq_relay_proj_bsp/\libhal_bsp.a(alt_do_ctors.o)
 .data          0x08002c3c        0x0 ../freq_relay_proj_bsp/\libhal_bsp.a(alt_do_dtors.o)
 .data          0x08002c3c        0x0 ../freq_relay_proj_bsp/\libhal_bsp.a(alt_find_dev.o)
 .data          0x08002c3c        0x0 ../freq_relay_proj_bsp/\libhal_bsp.a(alt_flash_dev.o)
 .data          0x08002c3c        0x0 ../freq_relay_proj_bsp/\libhal_bsp.a(alt_io_redirect.o)
 .data          0x08002c3c        0x0 ../freq_relay_proj_bsp/\libhal_bsp.a(alt_open.o)
 .data          0x08002c3c        0x0 ../freq_relay_proj_bsp/\libhal_bsp.a(alt_tick.o)
 .data          0x08002c3c        0x0 ../freq_relay_proj_bsp/\libhal_bsp.a(alt_usleep.o)
 .data          0x08002c3c        0x0 ../freq_relay_proj_bsp/\libhal_bsp.a(altera_nios2_qsys_irq.o)
 .data          0x08002c3c        0x0 ../freq_relay_proj_bsp/\libhal_bsp.a(altera_avalon_cfi_flash_amd.o)
 .data          0x08002c3c        0x0 ../freq_relay_proj_bsp/\libhal_bsp.a(altera_avalon_cfi_flash_intel.o)
 .data          0x08002c3c        0x0 ../freq_relay_proj_bsp/\libhal_bsp.a(alt_busy_sleep.o)
 .data          0x08002c3c        0x0 ../freq_relay_proj_bsp/\libhal_bsp.a(alt_find_file.o)
 .data          0x08002c3c        0x0 ../freq_relay_proj_bsp/\libhal_bsp.a(alt_get_fd.o)
 .data          0x08002c3c        0x0 c:/altera/11.0/nios2eds/bin/gnu/h-i686-mingw32/bin/../lib/gcc/nios2-elf/4.1.2/../../../../nios2-elf/lib\libc.a(lib_a-atexit.o)
 .data          0x08002c3c        0x0 c:/altera/11.0/nios2eds/bin/gnu/h-i686-mingw32/bin/../lib/gcc/nios2-elf/4.1.2/../../../../nios2-elf/lib\libc.a(lib_a-ctype_.o)
 .data          0x08002c3c        0x0 c:/altera/11.0/nios2eds/bin/gnu/h-i686-mingw32/bin/../lib/gcc/nios2-elf/4.1.2/../../../../nios2-elf/lib\libc.a(lib_a-exit.o)
 .data          0x08002c3c        0x0 c:/altera/11.0/nios2eds/bin/gnu/h-i686-mingw32/bin/../lib/gcc/nios2-elf/4.1.2/../../../../nios2-elf/lib\libc.a(lib_a-strcpy.o)
 .data          0x08002c3c        0x0 c:/altera/11.0/nios2eds/bin/gnu/h-i686-mingw32/bin/../lib/gcc/nios2-elf/4.1.2/../../../../nios2-elf/lib\libc.a(lib_a-__atexit.o)
 .data          0x08002c3c        0x0 c:/altera/11.0/nios2eds/bin/gnu/h-i686-mingw32/bin/../lib/gcc/nios2-elf/4.1.2/../../../../nios2-elf/lib\libc.a(lib_a-__call_atexit.o)
 .data          0x08002c3c        0x0 ../freq_relay_proj_bsp/\libhal_bsp.a(alt_exit.o)
                0x0800ac3c                _gp = ABSOLUTE ((. + 0x8000))
                0x0800ac3c                PROVIDE (gp, _gp)
 *(.rwdata .rwdata.*)
 *(.sdata .sdata.* .gnu.linkonce.s.*)
 .sdata         0x08002c3c        0xc obj/FreeRTOS/heap.o
 .sdata         0x08002c48        0x4 obj/FreeRTOS/tasks.o
 .sdata         0x08002c4c        0x8 obj/freq_irq.o
 .sdata         0x08002c54        0x8 c:/altera/11.0/nios2eds/bin/gnu/h-i686-mingw32/bin/../lib/gcc/nios2-elf/4.1.2/../../../../nios2-elf/lib\libc.a(lib_a-impure.o)
                0x08002c54                _impure_ptr
                0x08002c58                _global_impure_ptr
 .sdata         0x08002c5c        0x8 c:/altera/11.0/nios2eds/bin/gnu/h-i686-mingw32/bin/../lib/gcc/nios2-elf/4.1.2/../../../../nios2-elf/lib\libc.a(lib_a-locale.o)
                0x08002c5c                __mb_cur_max
 .sdata         0x08002c64        0x8 c:/altera/11.0/nios2eds/bin/gnu/h-i686-mingw32/bin/../lib/gcc/nios2-elf/4.1.2/../../../../nios2-elf/lib\libc.a(lib_a-mallocr.o)
                0x08002c64                __malloc_trim_threshold
                0x08002c68                __malloc_sbrk_base
 .sdata         0x08002c6c       0x14 ../freq_relay_proj_bsp/\libhal_bsp.a(alt_dev.o)
                0x08002c6c                alt_fs_list
                0x08002c74                alt_dev_list
                0x08002c7c                alt_max_fd
 .sdata         0x08002c80        0x4 ../freq_relay_proj_bsp/\libhal_bsp.a(alt_errno.o)
                0x08002c80                alt_errno
 .sdata         0x08002c84        0x4 ../freq_relay_proj_bsp/\libhal_bsp.a(alt_irq_vars.o)
                0x08002c84                alt_priority_mask
 .sdata         0x08002c88        0x4 ../freq_relay_proj_bsp/\libhal_bsp.a(alt_sbrk.o)
 .sdata         0x08002c8c        0x4 ../freq_relay_proj_bsp/\libhal_bsp.a(altera_avalon_lcd_16207.o)
 .sdata         0x08002c90        0x8 ../freq_relay_proj_bsp/\libhal_bsp.a(alt_flash_dev.o)
                0x08002c90                alt_flash_dev_list
 .sdata         0x08002c98        0x8 ../freq_relay_proj_bsp/\libhal_bsp.a(alt_tick.o)
                0x08002c98                alt_alarm_list
 .sdata         0x08002ca0        0x4 c:/altera/11.0/nios2eds/bin/gnu/h-i686-mingw32/bin/../lib/gcc/nios2-elf/4.1.2/../../../../nios2-elf/lib\libc.a(lib_a-ctype_.o)
                0x08002ca0                __ctype_ptr
 *(.sdata2 .sdata2.* .gnu.linkonce.s2.*)
                0x08002ca4                . = ALIGN (0x4)
                0x08002ca4                _edata = ABSOLUTE (.)
                0x08002ca4                PROVIDE (edata, ABSOLUTE (.))
                0x08002ca4                PROVIDE (__ram_rwdata_end, ABSOLUTE (.))
                0x08000bb4                PROVIDE (__flash_rwdata_start, LOADADDR (.rwdata))

.bss            0x08002ca4    0x7dbb0
                0x08002ca4                __bss_start = ABSOLUTE (.)
                0x08002ca4                PROVIDE (__sbss_start, ABSOLUTE (.))
                0x08002ca4                PROVIDE (___sbss_start, ABSOLUTE (.))
 *(.dynsbss)
 *(.sbss .sbss.* .gnu.linkonce.sb.*)
 .sbss          0x08002ca4       0x1c obj/FreeRTOS/croutine.o
                0x08002ca4                pxCurrentCoRoutine
 .sbss          0x08002cc0        0xc obj/FreeRTOS/heap.o
 .sbss          0x08002ccc       0x38 obj/FreeRTOS/tasks.o
                0x08002ccc                pxCurrentTCB
 .sbss          0x08002d04       0x10 obj/FreeRTOS/timers.o
 .sbss          0x08002d14        0x8 obj/freq_irq.o
 .sbss          0x08002d1c       0x10 obj/load_control.o
                0x08002d1c                red_led
 .sbss          0x08002d2c        0x1 obj/state_machine.o
 *fill*         0x08002d2d        0x3 00
 .sbss          0x08002d30        0x8 obj/threshold_control.o
 .sbss          0x08002d38        0x4 obj/timer.o
 .sbss          0x08002d3c        0x1 obj/timer.o
                0x08002d3c                is_timer_expired
 *fill*         0x08002d3d        0x3 00
 .sbss          0x08002d40        0x8 obj/vga.o
 .sbss          0x08002d48        0xc c:/altera/11.0/nios2eds/bin/gnu/h-i686-mingw32/bin/../lib/gcc/nios2-elf/4.1.2/../../../../nios2-elf/lib\libc.a(lib_a-locale.o)
                0x08002d48                __nlocale_changed
                0x08002d4c                __mlocale_changed
                0x08002d50                _PathLocale
 .sbss          0x08002d54        0xc c:/altera/11.0/nios2eds/bin/gnu/h-i686-mingw32/bin/../lib/gcc/nios2-elf/4.1.2/../../../../nios2-elf/lib\libc.a(lib_a-mallocr.o)
                0x08002d54                __malloc_top_pad
                0x08002d58                __malloc_max_sbrked_mem
                0x08002d5c                __malloc_max_total_mem
 .sbss          0x08002d60        0x4 c:/altera/11.0/nios2eds/bin/gnu/h-i686-mingw32/bin/../lib/gcc/nios2-elf/4.1.2/../../../../nios2-elf/lib\libc.a(lib_a-int_errno.o)
                0x08002d60                errno
 .sbss          0x08002d64        0x4 ../freq_relay_proj_bsp/\libhal_bsp.a(alt_irq_vars.o)
                0x08002d64                alt_irq_active
 .sbss          0x08002d68        0xc ../freq_relay_proj_bsp/\libhal_bsp.a(alt_main.o)
                0x08002d68                alt_argc
                0x08002d6c                alt_argv
                0x08002d70                alt_envp
 .sbss          0x08002d74        0x8 ../freq_relay_proj_bsp/\libhal_bsp.a(alt_tick.o)
                0x08002d74                _alt_tick_rate
                0x08002d78                _alt_nticks
 *(.sbss2 .sbss2.* .gnu.linkonce.sb2.*)
 *(.scommon)
                0x08002d7c                PROVIDE (__sbss_end, ABSOLUTE (.))
                0x08002d7c                PROVIDE (___sbss_end, ABSOLUTE (.))
 *(.dynbss)
 *(.bss .bss.* .gnu.linkonce.b.*)
 .bss           0x08002d7c        0x0 ../freq_relay_proj_bsp//obj/HAL/src/crt0.o
 .bss           0x08002d7c       0x64 obj/FreeRTOS/croutine.o
 .bss           0x08002de0    0x7d000 obj/FreeRTOS/heap.o
 .bss           0x0807fde0        0x0 obj/FreeRTOS/list.o
 .bss           0x0807fde0        0x0 obj/FreeRTOS/port.o
 .bss           0x0807fde0        0x0 obj/FreeRTOS/queue.o
 .bss           0x0807fde0      0x154 obj/FreeRTOS/tasks.o
 .bss           0x0807ff34       0x28 obj/FreeRTOS/timers.o
 .bss           0x0807ff5c        0x0 obj/freq_irq.o
 .bss           0x0807ff5c        0x0 obj/load_control.o
 .bss           0x0807ff5c        0x0 obj/main.o
 .bss           0x0807ff5c        0x0 obj/state_machine.o
 .bss           0x0807ff5c        0x0 obj/threshold_control.o
 .bss           0x0807ff5c        0x0 obj/timer.o
 .bss           0x0807ff5c      0x640 obj/vga.o
 .bss           0x0808059c        0x0 obj/FreeRTOS/port_asm.o
 .bss           0x0808059c        0x0 c:/altera/11.0/nios2eds/bin/gnu/h-i686-mingw32/bin/../lib/gcc/nios2-elf/4.1.2\libgcc.a(_addsub_df.o)
 .bss           0x0808059c        0x0 c:/altera/11.0/nios2eds/bin/gnu/h-i686-mingw32/bin/../lib/gcc/nios2-elf/4.1.2\libgcc.a(_mul_df.o)
 .bss           0x0808059c        0x0 c:/altera/11.0/nios2eds/bin/gnu/h-i686-mingw32/bin/../lib/gcc/nios2-elf/4.1.2\libgcc.a(_div_df.o)
 .bss           0x0808059c        0x0 c:/altera/11.0/nios2eds/bin/gnu/h-i686-mingw32/bin/../lib/gcc/nios2-elf/4.1.2\libgcc.a(_gt_df.o)
 .bss           0x0808059c        0x0 c:/altera/11.0/nios2eds/bin/gnu/h-i686-mingw32/bin/../lib/gcc/nios2-elf/4.1.2\libgcc.a(_lt_df.o)
 .bss           0x0808059c        0x0 c:/altera/11.0/nios2eds/bin/gnu/h-i686-mingw32/bin/../lib/gcc/nios2-elf/4.1.2\libgcc.a(_si_to_df.o)
 .bss           0x0808059c        0x0 c:/altera/11.0/nios2eds/bin/gnu/h-i686-mingw32/bin/../lib/gcc/nios2-elf/4.1.2\libgcc.a(_df_to_si.o)
 .bss           0x0808059c        0x0 c:/altera/11.0/nios2eds/bin/gnu/h-i686-mingw32/bin/../lib/gcc/nios2-elf/4.1.2\libgcc.a(_thenan_df.o)
 .bss           0x0808059c        0x0 c:/altera/11.0/nios2eds/bin/gnu/h-i686-mingw32/bin/../lib/gcc/nios2-elf/4.1.2\libgcc.a(_usi_to_df.o)
 .bss           0x0808059c        0x0 c:/altera/11.0/nios2eds/bin/gnu/h-i686-mingw32/bin/../lib/gcc/nios2-elf/4.1.2\libgcc.a(_muldi3.o)
 .bss           0x0808059c        0x0 c:/altera/11.0/nios2eds/bin/gnu/h-i686-mingw32/bin/../lib/gcc/nios2-elf/4.1.2\libgcc.a(_clzsi2.o)
 .bss           0x0808059c        0x0 c:/altera/11.0/nios2eds/bin/gnu/h-i686-mingw32/bin/../lib/gcc/nios2-elf/4.1.2\libgcc.a(_pack_df.o)
 .bss           0x0808059c        0x0 c:/altera/11.0/nios2eds/bin/gnu/h-i686-mingw32/bin/../lib/gcc/nios2-elf/4.1.2\libgcc.a(_unpack_df.o)
 .bss           0x0808059c        0x0 c:/altera/11.0/nios2eds/bin/gnu/h-i686-mingw32/bin/../lib/gcc/nios2-elf/4.1.2\libgcc.a(_fpcmp_parts_df.o)
 .bss           0x0808059c        0x0 c:/altera/11.0/nios2eds/bin/gnu/h-i686-mingw32/bin/../lib/gcc/nios2-elf/4.1.2\libgcc.a(_clz.o)
 .bss           0x0808059c        0x0 c:/altera/11.0/nios2eds/bin/gnu/h-i686-mingw32/bin/../lib/gcc/nios2-elf/4.1.2/../../../../nios2-elf/lib\libc.a(lib_a-memcmp.o)
 .bss           0x0808059c        0x0 c:/altera/11.0/nios2eds/bin/gnu/h-i686-mingw32/bin/../lib/gcc/nios2-elf/4.1.2/../../../../nios2-elf/lib\libc.a(lib_a-memcpy.o)
 .bss           0x0808059c        0x0 c:/altera/11.0/nios2eds/bin/gnu/h-i686-mingw32/bin/../lib/gcc/nios2-elf/4.1.2/../../../../nios2-elf/lib\libc.a(lib_a-memset.o)
 .bss           0x0808059c        0x0 c:/altera/11.0/nios2eds/bin/gnu/h-i686-mingw32/bin/../lib/gcc/nios2-elf/4.1.2/../../../../nios2-elf/lib\libc.a(lib_a-printf.o)
 .bss           0x0808059c        0x0 c:/altera/11.0/nios2eds/bin/gnu/h-i686-mingw32/bin/../lib/gcc/nios2-elf/4.1.2/../../../../nios2-elf/lib\libc.a(lib_a-snprintf.o)
 .bss           0x0808059c        0x0 c:/altera/11.0/nios2eds/bin/gnu/h-i686-mingw32/bin/../lib/gcc/nios2-elf/4.1.2/../../../../nios2-elf/lib\libc.a(lib_a-strncpy.o)
 .bss           0x0808059c        0x0 c:/altera/11.0/nios2eds/bin/gnu/h-i686-mingw32/bin/../lib/gcc/nios2-elf/4.1.2/../../../../nios2-elf/lib\libc.a(lib_a-vfprintf.o)
 .bss           0x0808059c        0x0 c:/altera/11.0/nios2eds/bin/gnu/h-i686-mingw32/bin/../lib/gcc/nios2-elf/4.1.2/../../../../nios2-elf/lib\libc.a(lib_a-wsetup.o)
 .bss           0x0808059c        0x0 c:/altera/11.0/nios2eds/bin/gnu/h-i686-mingw32/bin/../lib/gcc/nios2-elf/4.1.2/../../../../nios2-elf/lib\libc.a(lib_a-dtoa.o)
 .bss           0x0808059c        0x0 c:/altera/11.0/nios2eds/bin/gnu/h-i686-mingw32/bin/../lib/gcc/nios2-elf/4.1.2/../../../../nios2-elf/lib\libc.a(lib_a-fflush.o)
 .bss           0x0808059c        0x0 c:/altera/11.0/nios2eds/bin/gnu/h-i686-mingw32/bin/../lib/gcc/nios2-elf/4.1.2/../../../../nios2-elf/lib\libc.a(lib_a-findfp.o)
 .bss           0x0808059c        0x0 c:/altera/11.0/nios2eds/bin/gnu/h-i686-mingw32/bin/../lib/gcc/nios2-elf/4.1.2/../../../../nios2-elf/lib\libc.a(lib_a-freer.o)
 .bss           0x0808059c        0x0 c:/altera/11.0/nios2eds/bin/gnu/h-i686-mingw32/bin/../lib/gcc/nios2-elf/4.1.2/../../../../nios2-elf/lib\libc.a(lib_a-fvwrite.o)
 .bss           0x0808059c        0x0 c:/altera/11.0/nios2eds/bin/gnu/h-i686-mingw32/bin/../lib/gcc/nios2-elf/4.1.2/../../../../nios2-elf/lib\libc.a(lib_a-fwalk.o)
 .bss           0x0808059c        0x0 c:/altera/11.0/nios2eds/bin/gnu/h-i686-mingw32/bin/../lib/gcc/nios2-elf/4.1.2/../../../../nios2-elf/lib\libc.a(lib_a-impure.o)
 .bss           0x0808059c        0x0 c:/altera/11.0/nios2eds/bin/gnu/h-i686-mingw32/bin/../lib/gcc/nios2-elf/4.1.2/../../../../nios2-elf/lib\libc.a(lib_a-locale.o)
 .bss           0x0808059c        0x0 c:/altera/11.0/nios2eds/bin/gnu/h-i686-mingw32/bin/../lib/gcc/nios2-elf/4.1.2/../../../../nios2-elf/lib\libc.a(lib_a-makebuf.o)
 .bss           0x0808059c       0x28 c:/altera/11.0/nios2eds/bin/gnu/h-i686-mingw32/bin/../lib/gcc/nios2-elf/4.1.2/../../../../nios2-elf/lib\libc.a(lib_a-mallocr.o)
                0x0808059c                __malloc_current_mallinfo
 .bss           0x080805c4        0x0 c:/altera/11.0/nios2eds/bin/gnu/h-i686-mingw32/bin/../lib/gcc/nios2-elf/4.1.2/../../../../nios2-elf/lib\libc.a(lib_a-memchr.o)
 .bss           0x080805c4        0x0 c:/altera/11.0/nios2eds/bin/gnu/h-i686-mingw32/bin/../lib/gcc/nios2-elf/4.1.2/../../../../nios2-elf/lib\libc.a(lib_a-memmove.o)
 .bss           0x080805c4        0x0 c:/altera/11.0/nios2eds/bin/gnu/h-i686-mingw32/bin/../lib/gcc/nios2-elf/4.1.2/../../../../nios2-elf/lib\libc.a(lib_a-mprec.o)
 .bss           0x080805c4        0x0 c:/altera/11.0/nios2eds/bin/gnu/h-i686-mingw32/bin/../lib/gcc/nios2-elf/4.1.2/../../../../nios2-elf/lib\libc.a(lib_a-reallocr.o)
 .bss           0x080805c4        0x0 c:/altera/11.0/nios2eds/bin/gnu/h-i686-mingw32/bin/../lib/gcc/nios2-elf/4.1.2/../../../../nios2-elf/lib\libc.a(lib_a-s_isinfd.o)
 .bss           0x080805c4        0x0 c:/altera/11.0/nios2eds/bin/gnu/h-i686-mingw32/bin/../lib/gcc/nios2-elf/4.1.2/../../../../nios2-elf/lib\libc.a(lib_a-s_isnand.o)
 .bss           0x080805c4        0x0 c:/altera/11.0/nios2eds/bin/gnu/h-i686-mingw32/bin/../lib/gcc/nios2-elf/4.1.2/../../../../nios2-elf/lib\libc.a(lib_a-sbrkr.o)
 .bss           0x080805c4        0x0 c:/altera/11.0/nios2eds/bin/gnu/h-i686-mingw32/bin/../lib/gcc/nios2-elf/4.1.2/../../../../nios2-elf/lib\libc.a(lib_a-stdio.o)
 .bss           0x080805c4        0x0 c:/altera/11.0/nios2eds/bin/gnu/h-i686-mingw32/bin/../lib/gcc/nios2-elf/4.1.2/../../../../nios2-elf/lib\libc.a(lib_a-strcmp.o)
 .bss           0x080805c4        0x0 c:/altera/11.0/nios2eds/bin/gnu/h-i686-mingw32/bin/../lib/gcc/nios2-elf/4.1.2/../../../../nios2-elf/lib\libc.a(lib_a-strlen.o)
 .bss           0x080805c4        0x0 c:/altera/11.0/nios2eds/bin/gnu/h-i686-mingw32/bin/../lib/gcc/nios2-elf/4.1.2/../../../../nios2-elf/lib\libc.a(lib_a-writer.o)
 .bss           0x080805c4        0x0 c:/altera/11.0/nios2eds/bin/gnu/h-i686-mingw32/bin/../lib/gcc/nios2-elf/4.1.2/../../../../nios2-elf/lib\libc.a(lib_a-callocr.o)
 .bss           0x080805c4        0x0 c:/altera/11.0/nios2eds/bin/gnu/h-i686-mingw32/bin/../lib/gcc/nios2-elf/4.1.2/../../../../nios2-elf/lib\libc.a(lib_a-closer.o)
 .bss           0x080805c4        0x0 c:/altera/11.0/nios2eds/bin/gnu/h-i686-mingw32/bin/../lib/gcc/nios2-elf/4.1.2/../../../../nios2-elf/lib\libc.a(lib_a-fclose.o)
 .bss           0x080805c4        0x0 c:/altera/11.0/nios2eds/bin/gnu/h-i686-mingw32/bin/../lib/gcc/nios2-elf/4.1.2/../../../../nios2-elf/lib\libc.a(lib_a-fstatr.o)
 .bss           0x080805c4        0x0 c:/altera/11.0/nios2eds/bin/gnu/h-i686-mingw32/bin/../lib/gcc/nios2-elf/4.1.2/../../../../nios2-elf/lib\libc.a(lib_a-int_errno.o)
 .bss           0x080805c4        0x0 c:/altera/11.0/nios2eds/bin/gnu/h-i686-mingw32/bin/../lib/gcc/nios2-elf/4.1.2/../../../../nios2-elf/lib\libc.a(lib_a-isattyr.o)
 .bss           0x080805c4        0x0 c:/altera/11.0/nios2eds/bin/gnu/h-i686-mingw32/bin/../lib/gcc/nios2-elf/4.1.2/../../../../nios2-elf/lib\libc.a(lib_a-lseekr.o)
 .bss           0x080805c4        0x0 c:/altera/11.0/nios2eds/bin/gnu/h-i686-mingw32/bin/../lib/gcc/nios2-elf/4.1.2/../../../../nios2-elf/lib\libc.a(lib_a-readr.o)
 .bss           0x080805c4        0x0 c:/altera/11.0/nios2eds/bin/gnu/h-i686-mingw32/bin/../lib/gcc/nios2-elf/4.1.2\libgcc.a(_udivdi3.o)
 .bss           0x080805c4        0x0 c:/altera/11.0/nios2eds/bin/gnu/h-i686-mingw32/bin/../lib/gcc/nios2-elf/4.1.2\libgcc.a(_umoddi3.o)
 .bss           0x080805c4        0x0 c:/altera/11.0/nios2eds/bin/gnu/h-i686-mingw32/bin/../lib/gcc/nios2-elf/4.1.2\libgcc.a(_eq_df.o)
 .bss           0x080805c4        0x0 c:/altera/11.0/nios2eds/bin/gnu/h-i686-mingw32/bin/../lib/gcc/nios2-elf/4.1.2\libgcc.a(_ne_df.o)
 .bss           0x080805c4        0x0 c:/altera/11.0/nios2eds/bin/gnu/h-i686-mingw32/bin/../lib/gcc/nios2-elf/4.1.2\libgcc.a(_ge_df.o)
 .bss           0x080805c4        0x0 c:/altera/11.0/nios2eds/bin/gnu/h-i686-mingw32/bin/../lib/gcc/nios2-elf/4.1.2\libgcc.a(lib2-divmod.o)
 .bss           0x080805c4        0x0 ../freq_relay_proj_bsp/\libhal_bsp.a(alt_close.o)
 .bss           0x080805c4        0x0 ../freq_relay_proj_bsp/\libhal_bsp.a(alt_dev.o)
 .bss           0x080805c4        0x0 ../freq_relay_proj_bsp/\libhal_bsp.a(alt_errno.o)
 .bss           0x080805c4        0x0 ../freq_relay_proj_bsp/\libhal_bsp.a(alt_fstat.o)
 .bss           0x080805c4        0x0 ../freq_relay_proj_bsp/\libhal_bsp.a(alt_irq_handler.o)
 .bss           0x080805c4        0x0 ../freq_relay_proj_bsp/\libhal_bsp.a(alt_irq_vars.o)
 .bss           0x080805c4        0x0 ../freq_relay_proj_bsp/\libhal_bsp.a(alt_isatty.o)
 .bss           0x080805c4        0x0 ../freq_relay_proj_bsp/\libhal_bsp.a(alt_lseek.o)
 .bss           0x080805c4        0x0 ../freq_relay_proj_bsp/\libhal_bsp.a(alt_main.o)
 .bss           0x080805c4        0x0 ../freq_relay_proj_bsp/\libhal_bsp.a(alt_malloc_lock.o)
 .bss           0x080805c4        0x0 ../freq_relay_proj_bsp/\libhal_bsp.a(alt_read.o)
 .bss           0x080805c4        0x0 ../freq_relay_proj_bsp/\libhal_bsp.a(alt_release_fd.o)
 .bss           0x080805c4        0x0 ../freq_relay_proj_bsp/\libhal_bsp.a(alt_sbrk.o)
 .bss           0x080805c4        0x0 ../freq_relay_proj_bsp/\libhal_bsp.a(alt_write.o)
 .bss           0x080805c4        0x0 ../freq_relay_proj_bsp/\libhal_bsp.a(alt_sys_init.o)
 .bss           0x080805c4        0x0 ../freq_relay_proj_bsp/\libhal_bsp.a(altera_avalon_cfi_flash.o)
 .bss           0x080805c4        0x0 ../freq_relay_proj_bsp/\libhal_bsp.a(altera_avalon_cfi_flash_table.o)
 .bss           0x080805c4        0x0 ../freq_relay_proj_bsp/\libhal_bsp.a(altera_avalon_jtag_uart_fd.o)
 .bss           0x080805c4        0x0 ../freq_relay_proj_bsp/\libhal_bsp.a(altera_avalon_jtag_uart_init.o)
 .bss           0x080805c4        0x0 ../freq_relay_proj_bsp/\libhal_bsp.a(altera_avalon_jtag_uart_ioctl.o)
 .bss           0x080805c4        0x0 ../freq_relay_proj_bsp/\libhal_bsp.a(altera_avalon_jtag_uart_read.o)
 .bss           0x080805c4        0x0 ../freq_relay_proj_bsp/\libhal_bsp.a(altera_avalon_jtag_uart_write.o)
 .bss           0x080805c4        0x0 ../freq_relay_proj_bsp/\libhal_bsp.a(altera_avalon_lcd_16207.o)
 .bss           0x080805c4        0x0 ../freq_relay_proj_bsp/\libhal_bsp.a(altera_avalon_lcd_16207_fd.o)
 .bss           0x080805c4        0x0 ../freq_relay_proj_bsp/\libhal_bsp.a(altera_avalon_timer_sc.o)
 .bss           0x080805c4        0x0 ../freq_relay_proj_bsp/\libhal_bsp.a(altera_avalon_uart_fd.o)
 .bss           0x080805c4        0x0 ../freq_relay_proj_bsp/\libhal_bsp.a(altera_avalon_uart_init.o)
 .bss           0x080805c4        0x0 ../freq_relay_proj_bsp/\libhal_bsp.a(altera_avalon_uart_read.o)
 .bss           0x080805c4        0x0 ../freq_relay_proj_bsp/\libhal_bsp.a(altera_avalon_uart_write.o)
 .bss           0x080805c4        0x0 ../freq_relay_proj_bsp/\libhal_bsp.a(altera_up_avalon_ps2.o)
 .bss           0x080805c4        0x0 ../freq_relay_proj_bsp/\libhal_bsp.a(altera_up_avalon_video_character_buffer_with_dma.o)
 .bss           0x080805c4        0x0 ../freq_relay_proj_bsp/\libhal_bsp.a(altera_up_avalon_video_pixel_buffer_dma.o)
 .bss           0x080805c4        0x0 ../freq_relay_proj_bsp/\libhal_bsp.a(altera_up_ps2_keyboard.o)
 .bss           0x080805c4        0x0 ../freq_relay_proj_bsp/\libhal_bsp.a(alt_alarm_start.o)
 .bss           0x080805c4        0x0 ../freq_relay_proj_bsp/\libhal_bsp.a(alt_dcache_flush.o)
 .bss           0x080805c4        0x0 ../freq_relay_proj_bsp/\libhal_bsp.a(alt_dev_llist_insert.o)
 .bss           0x080805c4        0x0 ../freq_relay_proj_bsp/\libhal_bsp.a(alt_do_ctors.o)
 .bss           0x080805c4        0x0 ../freq_relay_proj_bsp/\libhal_bsp.a(alt_do_dtors.o)
 .bss           0x080805c4        0x0 ../freq_relay_proj_bsp/\libhal_bsp.a(alt_find_dev.o)
 .bss           0x080805c4        0x0 ../freq_relay_proj_bsp/\libhal_bsp.a(alt_flash_dev.o)
 .bss           0x080805c4        0x0 ../freq_relay_proj_bsp/\libhal_bsp.a(alt_io_redirect.o)
 .bss           0x080805c4        0x0 ../freq_relay_proj_bsp/\libhal_bsp.a(alt_open.o)
 .bss           0x080805c4        0x0 ../freq_relay_proj_bsp/\libhal_bsp.a(alt_tick.o)
 .bss           0x080805c4        0x0 ../freq_relay_proj_bsp/\libhal_bsp.a(alt_usleep.o)
 .bss           0x080805c4        0x0 ../freq_relay_proj_bsp/\libhal_bsp.a(altera_nios2_qsys_irq.o)
 .bss           0x080805c4        0x0 ../freq_relay_proj_bsp/\libhal_bsp.a(altera_avalon_cfi_flash_amd.o)
 .bss           0x080805c4        0x0 ../freq_relay_proj_bsp/\libhal_bsp.a(altera_avalon_cfi_flash_intel.o)
 .bss           0x080805c4        0x0 ../freq_relay_proj_bsp/\libhal_bsp.a(alt_busy_sleep.o)
 .bss           0x080805c4        0x0 ../freq_relay_proj_bsp/\libhal_bsp.a(alt_find_file.o)
 .bss           0x080805c4        0x0 ../freq_relay_proj_bsp/\libhal_bsp.a(alt_get_fd.o)
 .bss           0x080805c4        0x0 c:/altera/11.0/nios2eds/bin/gnu/h-i686-mingw32/bin/../lib/gcc/nios2-elf/4.1.2/../../../../nios2-elf/lib\libc.a(lib_a-atexit.o)
 .bss           0x080805c4        0x0 c:/altera/11.0/nios2eds/bin/gnu/h-i686-mingw32/bin/../lib/gcc/nios2-elf/4.1.2/../../../../nios2-elf/lib\libc.a(lib_a-ctype_.o)
 .bss           0x080805c4        0x0 c:/altera/11.0/nios2eds/bin/gnu/h-i686-mingw32/bin/../lib/gcc/nios2-elf/4.1.2/../../../../nios2-elf/lib\libc.a(lib_a-exit.o)
 .bss           0x080805c4        0x0 c:/altera/11.0/nios2eds/bin/gnu/h-i686-mingw32/bin/../lib/gcc/nios2-elf/4.1.2/../../../../nios2-elf/lib\libc.a(lib_a-strcpy.o)
 .bss           0x080805c4        0x0 c:/altera/11.0/nios2eds/bin/gnu/h-i686-mingw32/bin/../lib/gcc/nios2-elf/4.1.2/../../../../nios2-elf/lib\libc.a(lib_a-__atexit.o)
 .bss           0x080805c4        0x0 c:/altera/11.0/nios2eds/bin/gnu/h-i686-mingw32/bin/../lib/gcc/nios2-elf/4.1.2/../../../../nios2-elf/lib\libc.a(lib_a-__call_atexit.o)
 .bss           0x080805c4        0x0 ../freq_relay_proj_bsp/\libhal_bsp.a(alt_exit.o)
 *(COMMON)
 COMMON         0x080805c4      0x100 ../freq_relay_proj_bsp/\libhal_bsp.a(alt_irq_handler.o)
                0x080805c4                alt_irq
 COMMON         0x080806c4      0x190 c:/altera/11.0/nios2eds/bin/gnu/h-i686-mingw32/bin/../lib/gcc/nios2-elf/4.1.2/../../../../nios2-elf/lib\libc.a(lib_a-atexit.o)
                0x080806c4                _atexit0
                0x08080854                . = ALIGN (0x4)
                0x08080854                __bss_end = ABSOLUTE (.)

.onchip_memory  0x00018858        0x0
                0x00018858                PROVIDE (_alt_partition_onchip_memory_start, ABSOLUTE (.))
 *(.onchip_memory. onchip_memory.*)
                0x00018858                . = ALIGN (0x4)
                0x00018858                PROVIDE (_alt_partition_onchip_memory_end, ABSOLUTE (.))
                0x00018858                PROVIDE (_alt_partition_onchip_memory_load_addr, LOADADDR (.onchip_memory))

.flash_controller
                0x01000020        0x0
                0x01000020                PROVIDE (_alt_partition_flash_controller_start, ABSOLUTE (.))
 *(.flash_controller. flash_controller.*)
                0x01000020                . = ALIGN (0x4)
                0x01000020                PROVIDE (_alt_partition_flash_controller_end, ABSOLUTE (.))
                0x01000020                PROVIDE (_alt_partition_flash_controller_load_addr, LOADADDR (.flash_controller))

.sdram          0x08080854        0x0
                0x08080854                PROVIDE (_alt_partition_sdram_start, ABSOLUTE (.))
 *(.sdram. sdram.*)
                0x08080854                . = ALIGN (0x4)
                0x08080854                PROVIDE (_alt_partition_sdram_end, ABSOLUTE (.))
                0x08080854                _end = ABSOLUTE (.)
                0x08080854                end = ABSOLUTE (.)
                0x08080854                __alt_stack_base = ABSOLUTE (.)
                0x08080854                PROVIDE (_alt_partition_sdram_load_addr, LOADADDR (.sdram))

.stab
 *(.stab)

.stabstr
 *(.stabstr)

.stab.excl
 *(.stab.excl)

.stab.exclstr
 *(.stab.exclstr)

.stab.index
 *(.stab.index)

.stab.indexstr
 *(.stab.indexstr)

.comment        0x00000000       0x26
 *(.comment)
 .comment       0x00000000       0x26 obj/FreeRTOS/croutine.o
                                 0x27 (size before relaxing)
 .comment       0x00000000       0x27 obj/FreeRTOS/heap.o
 .comment       0x00000000       0x27 obj/FreeRTOS/list.o
 .comment       0x00000000       0x27 obj/FreeRTOS/port.o
 .comment       0x00000000       0x27 obj/FreeRTOS/queue.o
 .comment       0x00000000       0x27 obj/FreeRTOS/tasks.o
 .comment       0x00000000       0x27 obj/FreeRTOS/timers.o
 .comment       0x00000000       0x27 obj/freq_irq.o
 .comment       0x00000000       0x27 obj/load_control.o
 .comment       0x00000000       0x27 obj/main.o
 .comment       0x00000000       0x27 obj/state_machine.o
 .comment       0x00000000       0x27 obj/threshold_control.o
 .comment       0x00000000       0x27 obj/timer.o
 .comment       0x00000000       0x27 obj/vga.o
 .comment       0x00000000       0x27 c:/altera/11.0/nios2eds/bin/gnu/h-i686-mingw32/bin/../lib/gcc/nios2-elf/4.1.2\libgcc.a(_addsub_df.o)
 .comment       0x00000000       0x27 c:/altera/11.0/nios2eds/bin/gnu/h-i686-mingw32/bin/../lib/gcc/nios2-elf/4.1.2\libgcc.a(_mul_df.o)
 .comment       0x00000000       0x27 c:/altera/11.0/nios2eds/bin/gnu/h-i686-mingw32/bin/../lib/gcc/nios2-elf/4.1.2\libgcc.a(_div_df.o)
 .comment       0x00000000       0x27 c:/altera/11.0/nios2eds/bin/gnu/h-i686-mingw32/bin/../lib/gcc/nios2-elf/4.1.2\libgcc.a(_gt_df.o)
 .comment       0x00000000       0x27 c:/altera/11.0/nios2eds/bin/gnu/h-i686-mingw32/bin/../lib/gcc/nios2-elf/4.1.2\libgcc.a(_lt_df.o)
 .comment       0x00000000       0x27 c:/altera/11.0/nios2eds/bin/gnu/h-i686-mingw32/bin/../lib/gcc/nios2-elf/4.1.2\libgcc.a(_si_to_df.o)
 .comment       0x00000000       0x27 c:/altera/11.0/nios2eds/bin/gnu/h-i686-mingw32/bin/../lib/gcc/nios2-elf/4.1.2\libgcc.a(_df_to_si.o)
 .comment       0x00000000       0x27 c:/altera/11.0/nios2eds/bin/gnu/h-i686-mingw32/bin/../lib/gcc/nios2-elf/4.1.2\libgcc.a(_thenan_df.o)
 .comment       0x00000000       0x27 c:/altera/11.0/nios2eds/bin/gnu/h-i686-mingw32/bin/../lib/gcc/nios2-elf/4.1.2\libgcc.a(_usi_to_df.o)
 .comment       0x00000000       0x27 c:/altera/11.0/nios2eds/bin/gnu/h-i686-mingw32/bin/../lib/gcc/nios2-elf/4.1.2\libgcc.a(_muldi3.o)
 .comment       0x00000000       0x27 c:/altera/11.0/nios2eds/bin/gnu/h-i686-mingw32/bin/../lib/gcc/nios2-elf/4.1.2\libgcc.a(_clzsi2.o)
 .comment       0x00000000       0x27 c:/altera/11.0/nios2eds/bin/gnu/h-i686-mingw32/bin/../lib/gcc/nios2-elf/4.1.2\libgcc.a(_pack_df.o)
 .comment       0x00000000       0x27 c:/altera/11.0/nios2eds/bin/gnu/h-i686-mingw32/bin/../lib/gcc/nios2-elf/4.1.2\libgcc.a(_unpack_df.o)
 .comment       0x00000000       0x27 c:/altera/11.0/nios2eds/bin/gnu/h-i686-mingw32/bin/../lib/gcc/nios2-elf/4.1.2\libgcc.a(_fpcmp_parts_df.o)
 .comment       0x00000000       0x27 c:/altera/11.0/nios2eds/bin/gnu/h-i686-mingw32/bin/../lib/gcc/nios2-elf/4.1.2\libgcc.a(_clz.o)
 .comment       0x00000000       0x27 c:/altera/11.0/nios2eds/bin/gnu/h-i686-mingw32/bin/../lib/gcc/nios2-elf/4.1.2/../../../../nios2-elf/lib\libc.a(lib_a-memcmp.o)
 .comment       0x00000000       0x27 c:/altera/11.0/nios2eds/bin/gnu/h-i686-mingw32/bin/../lib/gcc/nios2-elf/4.1.2/../../../../nios2-elf/lib\libc.a(lib_a-memcpy.o)
 .comment       0x00000000       0x27 c:/altera/11.0/nios2eds/bin/gnu/h-i686-mingw32/bin/../lib/gcc/nios2-elf/4.1.2/../../../../nios2-elf/lib\libc.a(lib_a-memset.o)
 .comment       0x00000000       0x27 c:/altera/11.0/nios2eds/bin/gnu/h-i686-mingw32/bin/../lib/gcc/nios2-elf/4.1.2/../../../../nios2-elf/lib\libc.a(lib_a-printf.o)
 .comment       0x00000000       0x27 c:/altera/11.0/nios2eds/bin/gnu/h-i686-mingw32/bin/../lib/gcc/nios2-elf/4.1.2/../../../../nios2-elf/lib\libc.a(lib_a-snprintf.o)
 .comment       0x00000000       0x27 c:/altera/11.0/nios2eds/bin/gnu/h-i686-mingw32/bin/../lib/gcc/nios2-elf/4.1.2/../../../../nios2-elf/lib\libc.a(lib_a-strncpy.o)
 .comment       0x00000000       0x27 c:/altera/11.0/nios2eds/bin/gnu/h-i686-mingw32/bin/../lib/gcc/nios2-elf/4.1.2/../../../../nios2-elf/lib\libc.a(lib_a-vfprintf.o)
 .comment       0x00000000       0x27 c:/altera/11.0/nios2eds/bin/gnu/h-i686-mingw32/bin/../lib/gcc/nios2-elf/4.1.2/../../../../nios2-elf/lib\libc.a(lib_a-wsetup.o)
 .comment       0x00000000       0x27 c:/altera/11.0/nios2eds/bin/gnu/h-i686-mingw32/bin/../lib/gcc/nios2-elf/4.1.2/../../../../nios2-elf/lib\libc.a(lib_a-dtoa.o)
 .comment       0x00000000       0x27 c:/altera/11.0/nios2eds/bin/gnu/h-i686-mingw32/bin/../lib/gcc/nios2-elf/4.1.2/../../../../nios2-elf/lib\libc.a(lib_a-fflush.o)
 .comment       0x00000000       0x27 c:/altera/11.0/nios2eds/bin/gnu/h-i686-mingw32/bin/../lib/gcc/nios2-elf/4.1.2/../../../../nios2-elf/lib\libc.a(lib_a-findfp.o)
 .comment       0x00000000       0x27 c:/altera/11.0/nios2eds/bin/gnu/h-i686-mingw32/bin/../lib/gcc/nios2-elf/4.1.2/../../../../nios2-elf/lib\libc.a(lib_a-freer.o)
 .comment       0x00000000       0x27 c:/altera/11.0/nios2eds/bin/gnu/h-i686-mingw32/bin/../lib/gcc/nios2-elf/4.1.2/../../../../nios2-elf/lib\libc.a(lib_a-fvwrite.o)
 .comment       0x00000000       0x27 c:/altera/11.0/nios2eds/bin/gnu/h-i686-mingw32/bin/../lib/gcc/nios2-elf/4.1.2/../../../../nios2-elf/lib\libc.a(lib_a-fwalk.o)
 .comment       0x00000000       0x27 c:/altera/11.0/nios2eds/bin/gnu/h-i686-mingw32/bin/../lib/gcc/nios2-elf/4.1.2/../../../../nios2-elf/lib\libc.a(lib_a-impure.o)
 .comment       0x00000000       0x27 c:/altera/11.0/nios2eds/bin/gnu/h-i686-mingw32/bin/../lib/gcc/nios2-elf/4.1.2/../../../../nios2-elf/lib\libc.a(lib_a-locale.o)
 .comment       0x00000000       0x27 c:/altera/11.0/nios2eds/bin/gnu/h-i686-mingw32/bin/../lib/gcc/nios2-elf/4.1.2/../../../../nios2-elf/lib\libc.a(lib_a-makebuf.o)
 .comment       0x00000000       0x27 c:/altera/11.0/nios2eds/bin/gnu/h-i686-mingw32/bin/../lib/gcc/nios2-elf/4.1.2/../../../../nios2-elf/lib\libc.a(lib_a-mallocr.o)
 .comment       0x00000000       0x27 c:/altera/11.0/nios2eds/bin/gnu/h-i686-mingw32/bin/../lib/gcc/nios2-elf/4.1.2/../../../../nios2-elf/lib\libc.a(lib_a-memchr.o)
 .comment       0x00000000       0x27 c:/altera/11.0/nios2eds/bin/gnu/h-i686-mingw32/bin/../lib/gcc/nios2-elf/4.1.2/../../../../nios2-elf/lib\libc.a(lib_a-memmove.o)
 .comment       0x00000000       0x27 c:/altera/11.0/nios2eds/bin/gnu/h-i686-mingw32/bin/../lib/gcc/nios2-elf/4.1.2/../../../../nios2-elf/lib\libc.a(lib_a-mprec.o)
 .comment       0x00000000       0x27 c:/altera/11.0/nios2eds/bin/gnu/h-i686-mingw32/bin/../lib/gcc/nios2-elf/4.1.2/../../../../nios2-elf/lib\libc.a(lib_a-reallocr.o)
 .comment       0x00000000       0x27 c:/altera/11.0/nios2eds/bin/gnu/h-i686-mingw32/bin/../lib/gcc/nios2-elf/4.1.2/../../../../nios2-elf/lib\libc.a(lib_a-s_isinfd.o)
 .comment       0x00000000       0x27 c:/altera/11.0/nios2eds/bin/gnu/h-i686-mingw32/bin/../lib/gcc/nios2-elf/4.1.2/../../../../nios2-elf/lib\libc.a(lib_a-s_isnand.o)
 .comment       0x00000000       0x27 c:/altera/11.0/nios2eds/bin/gnu/h-i686-mingw32/bin/../lib/gcc/nios2-elf/4.1.2/../../../../nios2-elf/lib\libc.a(lib_a-sbrkr.o)
 .comment       0x00000000       0x27 c:/altera/11.0/nios2eds/bin/gnu/h-i686-mingw32/bin/../lib/gcc/nios2-elf/4.1.2/../../../../nios2-elf/lib\libc.a(lib_a-stdio.o)
 .comment       0x00000000       0x27 c:/altera/11.0/nios2eds/bin/gnu/h-i686-mingw32/bin/../lib/gcc/nios2-elf/4.1.2/../../../../nios2-elf/lib\libc.a(lib_a-strcmp.o)
 .comment       0x00000000       0x27 c:/altera/11.0/nios2eds/bin/gnu/h-i686-mingw32/bin/../lib/gcc/nios2-elf/4.1.2/../../../../nios2-elf/lib\libc.a(lib_a-strlen.o)